2025-03-03 08:07:29.281 | MODEL_DEBUG | __main__:customize_loguru_logger:47 - This is a model debug message.
2025-03-03 08:07:33.154 | MODEL_DEBUG | __main__:<module>:181 - Frames: 48
2025-03-03 08:07:33.155 | MODEL_DEBUG | __main__:<module>:182 - Shape: (720, 1280, 3)
2025-03-03 08:07:35.159 | MODEL_DEBUG | __main__:<module>:190 - Frames: 48
2025-03-03 08:07:35.159 | MODEL_DEBUG | __main__:<module>:191 - Shape: (251, 251, 3)
2025-03-03 08:12:21.295 | MODEL_DEBUG | __main__:customize_loguru_logger:47 - This is a model debug message.
2025-03-03 08:12:25.022 | MODEL_DEBUG | __main__:<module>:181 - Frames: 48
2025-03-03 08:12:25.022 | MODEL_DEBUG | __main__:<module>:182 - Shape 0: (720, 1280, 3)
2025-03-03 08:12:25.022 | MODEL_DEBUG | __main__:<module>:183 - Shape 2: (720, 1280, 3)
2025-03-03 08:12:26.915 | MODEL_DEBUG | __main__:<module>:191 - Frames: 48
2025-03-03 08:12:26.915 | MODEL_DEBUG | __main__:<module>:192 - Shape 0: (251, 251, 3)
2025-03-03 08:12:26.915 | MODEL_DEBUG | __main__:<module>:193 - Shape 2: (250, 250, 3)
2025-03-03 08:12:26.915 | MODEL_DEBUG | __main__:<module>:194 - Shape -1: (245, 245, 3)
2025-03-03 08:19:21.144 | MODEL_DEBUG | __main__:customize_loguru_logger:47 - This is a model debug message.
2025-03-03 08:19:25.117 | MODEL_DEBUG | __main__:<module>:181 - Frames: 48
2025-03-03 08:19:25.118 | MODEL_DEBUG | __main__:<module>:182 - Shape 0: (720, 1280, 3)
2025-03-03 08:19:25.118 | MODEL_DEBUG | __main__:<module>:183 - Shape 2: (720, 1280, 3)
2025-03-03 08:19:26.959 | MODEL_DEBUG | __main__:<module>:192 - Frames: 48
2025-03-03 08:19:26.960 | MODEL_DEBUG | __main__:<module>:194 - Shape 0: (251, 251, 3)
2025-03-03 08:19:26.960 | MODEL_DEBUG | __main__:<module>:195 - Shape 2: (250, 250, 3)
2025-03-03 08:19:26.960 | MODEL_DEBUG | __main__:<module>:196 - Shape -1: (245, 245, 3)
2025-03-03 08:20:48.705 | MODEL_DEBUG | __main__:customize_loguru_logger:47 - This is a model debug message.
2025-03-03 08:20:52.455 | MODEL_DEBUG | __main__:<module>:181 - Frames: 48
2025-03-03 08:20:52.455 | MODEL_DEBUG | __main__:<module>:182 - Shape 0: (720, 1280, 3)
2025-03-03 08:20:52.455 | MODEL_DEBUG | __main__:<module>:183 - Shape 2: (720, 1280, 3)
2025-03-03 08:20:54.381 | MODEL_DEBUG | __main__:<module>:192 - Frames: 48
2025-03-03 08:20:54.382 | MODEL_DEBUG | __main__:<module>:194 - Shape 0: (251, 251, 3)
2025-03-03 08:20:54.382 | MODEL_DEBUG | __main__:<module>:195 - Shape 2: (250, 250, 3)
2025-03-03 08:20:54.382 | MODEL_DEBUG | __main__:<module>:196 - Shape -1: (245, 245, 3)
2025-03-03 08:23:42.020 | MODEL_DEBUG | __main__:customize_loguru_logger:47 - This is a model debug message.
2025-03-03 08:23:45.748 | MODEL_DEBUG | __main__:parse_video:89 - Control Frames: 48
2025-03-03 08:23:45.778 | MODEL_DEBUG | __main__:<module>:182 - Frames: 48
2025-03-03 08:23:45.778 | MODEL_DEBUG | __main__:<module>:183 - Shape 0: (720, 1280, 3)
2025-03-03 08:23:45.778 | MODEL_DEBUG | __main__:<module>:184 - Shape 2: (720, 1280, 3)
2025-03-03 08:23:47.727 | MODEL_DEBUG | __main__:<module>:193 - Frames: 48
2025-03-03 08:23:47.727 | MODEL_DEBUG | __main__:<module>:195 - Shape 0: (251, 251, 3)
2025-03-03 08:23:47.727 | MODEL_DEBUG | __main__:<module>:196 - Shape 2: (250, 250, 3)
2025-03-03 08:23:47.727 | MODEL_DEBUG | __main__:<module>:197 - Shape -1: (245, 245, 3)
2025-03-03 08:23:47.756 | MODEL_DEBUG | __main__:<module>:201 - Image: (720, 1280, 3)
2025-03-03 08:23:47.786 | MODEL_DEBUG | __main__:<module>:203 - Crop and Resize Image: (480, 720, 3)
2025-03-03 08:23:47.829 | MODEL_DEBUG | __main__:<module>:210 - Face Crop Image: (307, 307, 3)
2025-03-03 08:23:52.136 | MODEL_DEBUG | __main__:<module>:217 - Out Frames: 48
2025-03-03 08:23:52.136 | MODEL_DEBUG | __main__:<module>:218 - Out Frames 0: (307, 307, 3)
2025-03-03 08:23:52.136 | MODEL_DEBUG | __main__:<module>:219 - Out Frames 2: (307, 307, 3)
2025-03-03 08:23:52.136 | MODEL_DEBUG | __main__:<module>:220 - Out Frames -1: (307, 307, 3)
2025-03-03 08:23:52.150 | MODEL_DEBUG | __main__:<module>:225 - Rescale Motions: (48, 480, 720, 3)
2025-03-03 08:30:43.432 | MODEL_DEBUG | __main__:customize_loguru_logger:47 - This is a model debug message.
2025-03-03 08:30:47.197 | MODEL_DEBUG | __main__:parse_video:89 - Control Frames: 48
2025-03-03 08:30:47.225 | MODEL_DEBUG | __main__:<module>:182 - Frames: 48
2025-03-03 08:30:47.225 | MODEL_DEBUG | __main__:<module>:183 - Shape 0: (720, 1280, 3)
2025-03-03 08:30:47.225 | MODEL_DEBUG | __main__:<module>:184 - Shape 2: (720, 1280, 3)
2025-03-03 08:30:49.209 | MODEL_DEBUG | __main__:<module>:193 - Frames: 48
2025-03-03 08:30:49.209 | MODEL_DEBUG | __main__:<module>:195 - Shape 0: (251, 251, 3)
2025-03-03 08:30:49.209 | MODEL_DEBUG | __main__:<module>:196 - Shape 2: (250, 250, 3)
2025-03-03 08:30:49.209 | MODEL_DEBUG | __main__:<module>:197 - Shape -1: (245, 245, 3)
2025-03-03 08:30:49.234 | MODEL_DEBUG | __main__:<module>:201 - Image: (720, 1280, 3)
2025-03-03 08:30:49.261 | MODEL_DEBUG | __main__:<module>:203 - Crop and Resize Image: (480, 720, 3)
2025-03-03 08:30:49.306 | MODEL_DEBUG | __main__:<module>:210 - Face Crop Image: (331, 331, 3)
2025-03-03 08:30:53.694 | MODEL_DEBUG | __main__:<module>:217 - Out Frames: 48
2025-03-03 08:30:53.694 | MODEL_DEBUG | __main__:<module>:218 - Out Frames 0: (331, 331, 3)
2025-03-03 08:30:53.695 | MODEL_DEBUG | __main__:<module>:219 - Out Frames 2: (331, 331, 3)
2025-03-03 08:30:53.695 | MODEL_DEBUG | __main__:<module>:220 - Out Frames -1: (331, 331, 3)
2025-03-03 08:30:53.717 | MODEL_DEBUG | __main__:<module>:225 - Rescale Motions: (48, 480, 720, 3)
2025-03-03 08:34:49.767 | MODEL_DEBUG | __main__:customize_loguru_logger:47 - This is a model debug message.
2025-03-03 08:34:54.042 | MODEL_DEBUG | __main__:parse_video:89 - Control Frames: 48
2025-03-03 08:34:54.067 | MODEL_DEBUG | __main__:<module>:182 - Frames: 48
2025-03-03 08:34:54.067 | MODEL_DEBUG | __main__:<module>:183 - Shape 0: (720, 1280, 3)
2025-03-03 08:34:54.067 | MODEL_DEBUG | __main__:<module>:184 - Shape 2: (720, 1280, 3)
2025-03-03 08:34:55.884 | MODEL_DEBUG | __main__:<module>:193 - Frames: 48
2025-03-03 08:34:55.884 | MODEL_DEBUG | __main__:<module>:195 - Shape 0: (251, 251, 3)
2025-03-03 08:34:55.884 | MODEL_DEBUG | __main__:<module>:196 - Shape 2: (250, 250, 3)
2025-03-03 08:34:55.884 | MODEL_DEBUG | __main__:<module>:197 - Shape -1: (245, 245, 3)
2025-03-03 08:34:55.921 | MODEL_DEBUG | __main__:<module>:201 - Image: (720, 1280, 3)
2025-03-03 08:34:55.945 | MODEL_DEBUG | __main__:<module>:203 - Crop and Resize Image: (480, 720, 3)
2025-03-03 08:34:55.988 | MODEL_DEBUG | __main__:<module>:210 - Face Crop Image: (307, 307, 3)
2025-03-03 08:35:00.208 | MODEL_DEBUG | __main__:<module>:217 - Out Frames: 48
2025-03-03 08:35:00.208 | MODEL_DEBUG | __main__:<module>:218 - Out Frames 0: (307, 307, 3)
2025-03-03 08:35:00.208 | MODEL_DEBUG | __main__:<module>:219 - Out Frames 2: (307, 307, 3)
2025-03-03 08:35:00.208 | MODEL_DEBUG | __main__:<module>:220 - Out Frames -1: (307, 307, 3)
2025-03-03 08:35:00.230 | MODEL_DEBUG | __main__:<module>:225 - Rescale Motions: (48, 480, 720, 3)
2025-03-03 08:42:05.407 | MODEL_DEBUG | __main__:customize_loguru_logger:47 - This is a model debug message.
2025-03-03 08:42:09.935 | MODEL_DEBUG | __main__:parse_video:91 - Control Frames: 48
2025-03-03 08:42:09.978 | MODEL_DEBUG | __main__:<module>:184 - Frames: 48
2025-03-03 08:42:09.978 | MODEL_DEBUG | __main__:<module>:185 - Shape 0: (720, 1280, 3)
2025-03-03 08:42:09.978 | MODEL_DEBUG | __main__:<module>:186 - Shape 2: (720, 1280, 3)
2025-03-03 08:42:11.773 | MODEL_DEBUG | __main__:<module>:195 - Frames: 48
2025-03-03 08:42:11.773 | MODEL_DEBUG | __main__:<module>:197 - Shape 0: (251, 251, 3)
2025-03-03 08:42:11.773 | MODEL_DEBUG | __main__:<module>:198 - Shape 2: (250, 250, 3)
2025-03-03 08:42:11.773 | MODEL_DEBUG | __main__:<module>:199 - Shape -1: (245, 245, 3)
2025-03-03 08:42:11.800 | MODEL_DEBUG | __main__:<module>:203 - Image: (720, 1280, 3)
2025-03-03 08:42:11.823 | MODEL_DEBUG | __main__:<module>:205 - Crop and Resize Image: (480, 720, 3)
2025-03-03 08:42:11.864 | MODEL_DEBUG | __main__:<module>:212 - Face Crop Image: (307, 307, 3)
2025-03-03 08:42:16.185 | MODEL_DEBUG | __main__:<module>:219 - Out Frames: 48
2025-03-03 08:42:16.185 | MODEL_DEBUG | __main__:<module>:220 - Out Frames 0: (307, 307, 3)
2025-03-03 08:42:16.185 | MODEL_DEBUG | __main__:<module>:221 - Out Frames 2: (307, 307, 3)
2025-03-03 08:42:16.185 | MODEL_DEBUG | __main__:<module>:222 - Out Frames -1: (307, 307, 3)
2025-03-03 08:42:16.249 | MODEL_DEBUG | __main__:<module>:233 - Rescale Motions: (48, 480, 720, 3)
2025-03-03 08:42:16.252 | MODEL_DEBUG | __main__:<module>:237 - Rescale Motions 0: (480, 720, 3)
2025-03-03 08:42:16.252 | MODEL_DEBUG | __main__:<module>:239 - Rescale Motions 2: (480, 720, 3)
2025-03-03 08:45:54.758 | MODEL_DEBUG | __main__:customize_loguru_logger:47 - This is a model debug message.
2025-03-03 08:45:58.995 | MODEL_DEBUG | __main__:parse_video:91 - Control Frames: 48
2025-03-03 08:45:59.020 | MODEL_DEBUG | __main__:<module>:184 - Frames: 48
2025-03-03 08:45:59.020 | MODEL_DEBUG | __main__:<module>:185 - Shape 0: (720, 1280, 3)
2025-03-03 08:45:59.020 | MODEL_DEBUG | __main__:<module>:186 - Shape 2: (720, 1280, 3)
2025-03-03 08:46:00.833 | MODEL_DEBUG | __main__:<module>:195 - Frames: 48
2025-03-03 08:46:00.833 | MODEL_DEBUG | __main__:<module>:197 - Shape 0: (251, 251, 3)
2025-03-03 08:46:00.834 | MODEL_DEBUG | __main__:<module>:198 - Shape 2: (250, 250, 3)
2025-03-03 08:46:00.834 | MODEL_DEBUG | __main__:<module>:199 - Shape -1: (245, 245, 3)
2025-03-03 08:46:00.876 | MODEL_DEBUG | __main__:<module>:203 - Image: (720, 1280, 3)
2025-03-03 08:46:00.900 | MODEL_DEBUG | __main__:<module>:205 - Crop and Resize Image: (480, 720, 3)
2025-03-03 08:46:00.943 | MODEL_DEBUG | __main__:<module>:212 - Face Crop Image: (307, 307, 3)
2025-03-03 08:46:06.735 | MODEL_DEBUG | __main__:<module>:219 - Out Frames: 48
2025-03-03 08:46:06.735 | MODEL_DEBUG | __main__:<module>:220 - Out Frames 0: (307, 307, 3)
2025-03-03 08:46:06.735 | MODEL_DEBUG | __main__:<module>:221 - Out Frames 2: (307, 307, 3)
2025-03-03 08:46:06.735 | MODEL_DEBUG | __main__:<module>:222 - Out Frames -1: (307, 307, 3)
2025-03-03 08:48:00.842 | MODEL_DEBUG | __main__:customize_loguru_logger:47 - This is a model debug message.
2025-03-03 08:48:04.516 | MODEL_DEBUG | __main__:parse_video:91 - Control Frames: 48
2025-03-03 08:48:04.568 | MODEL_DEBUG | __main__:<module>:184 - Frames: 48
2025-03-03 08:48:04.568 | MODEL_DEBUG | __main__:<module>:185 - Shape 0: (720, 1280, 3)
2025-03-03 08:48:04.569 | MODEL_DEBUG | __main__:<module>:186 - Shape 2: (720, 1280, 3)
2025-03-03 08:48:06.421 | MODEL_DEBUG | __main__:<module>:195 - Frames: 48
2025-03-03 08:48:06.421 | MODEL_DEBUG | __main__:<module>:197 - Shape 0: (251, 251, 3)
2025-03-03 08:48:06.421 | MODEL_DEBUG | __main__:<module>:198 - Shape 2: (250, 250, 3)
2025-03-03 08:48:06.421 | MODEL_DEBUG | __main__:<module>:199 - Shape -1: (245, 245, 3)
2025-03-03 08:48:06.446 | MODEL_DEBUG | __main__:<module>:203 - Image: (720, 1280, 3)
2025-03-03 08:48:06.472 | MODEL_DEBUG | __main__:<module>:205 - Crop and Resize Image: (480, 720, 3)
2025-03-03 08:48:06.516 | MODEL_DEBUG | __main__:<module>:212 - Face Crop Image: (307, 307, 3)
2025-03-03 08:48:10.811 | MODEL_DEBUG | __main__:<module>:219 - Out Frames: 48
2025-03-03 08:48:10.812 | MODEL_DEBUG | __main__:<module>:220 - Out Frames 0: (307, 307, 3)
2025-03-03 08:48:10.812 | MODEL_DEBUG | __main__:<module>:221 - Out Frames 2: (307, 307, 3)
2025-03-03 08:48:10.812 | MODEL_DEBUG | __main__:<module>:222 - Out Frames -1: (307, 307, 3)
2025-03-03 08:48:34.962 | MODEL_DEBUG | __main__:customize_loguru_logger:47 - This is a model debug message.
2025-03-03 08:48:38.645 | MODEL_DEBUG | __main__:parse_video:91 - Control Frames: 48
2025-03-03 08:48:38.673 | MODEL_DEBUG | __main__:<module>:184 - Frames: 48
2025-03-03 08:48:38.673 | MODEL_DEBUG | __main__:<module>:185 - Shape 0: (720, 1280, 3)
2025-03-03 08:48:38.673 | MODEL_DEBUG | __main__:<module>:186 - Shape 2: (720, 1280, 3)
2025-03-03 08:48:40.525 | MODEL_DEBUG | __main__:<module>:195 - Frames: 48
2025-03-03 08:48:40.525 | MODEL_DEBUG | __main__:<module>:197 - Shape 0: (251, 251, 3)
2025-03-03 08:48:40.525 | MODEL_DEBUG | __main__:<module>:198 - Shape 2: (250, 250, 3)
2025-03-03 08:48:40.525 | MODEL_DEBUG | __main__:<module>:199 - Shape -1: (245, 245, 3)
2025-03-03 08:48:40.551 | MODEL_DEBUG | __main__:<module>:203 - Image: (720, 1280, 3)
2025-03-03 08:48:40.577 | MODEL_DEBUG | __main__:<module>:205 - Crop and Resize Image: (480, 720, 3)
2025-03-03 08:48:40.621 | MODEL_DEBUG | __main__:<module>:212 - Face Crop Image: (307, 307, 3)
2025-03-03 08:48:44.907 | MODEL_DEBUG | __main__:<module>:219 - Out Frames: 48
2025-03-03 08:48:44.907 | MODEL_DEBUG | __main__:<module>:220 - Out Frames 0: (307, 307, 3)
2025-03-03 08:48:44.907 | MODEL_DEBUG | __main__:<module>:221 - Out Frames 2: (307, 307, 3)
2025-03-03 08:48:44.907 | MODEL_DEBUG | __main__:<module>:222 - Out Frames -1: (307, 307, 3)
2025-03-03 08:48:44.937 | MODEL_DEBUG | __main__:<module>:234 - Rescale Motions: (48, 480, 720, 3)
2025-03-03 08:48:44.941 | MODEL_DEBUG | __main__:<module>:238 - Rescale Motions 0: (480, 720, 3)
2025-03-03 08:48:44.941 | MODEL_DEBUG | __main__:<module>:240 - Rescale Motions 2: (480, 720, 3)
