2025-03-03 03:09:07.451 | UNIT_DEBUG | inference:customize_loguru_logger:38 - This is a unit test debug message.
2025-03-03 03:09:11.780 | UNIT_DEBUG | skyreels_a1.pre_process_lmk3d:face_crop:49 - Test Face Crop: bbox: [566.2965    74.125694 691.44055  249.81537 ]
2025-03-03 03:09:11.819 | UNIT_DEBUG | skyreels_a1.pre_process_lmk3d:face_crop:49 - Test Face Crop: bbox: [566.2965    74.125694 691.44055  249.81537 ]
2025-03-03 03:09:11.857 | UNIT_DEBUG | skyreels_a1.pre_process_lmk3d:face_crop:49 - Test Face Crop: bbox: [555.29376  73.48716 680.4181  248.24088]
2025-03-03 03:09:11.895 | UNIT_DEBUG | skyreels_a1.pre_process_lmk3d:face_crop:49 - Test Face Crop: bbox: [542.99457  72.94956 667.9305  248.58977]
2025-03-03 03:09:11.933 | UNIT_DEBUG | skyreels_a1.pre_process_lmk3d:face_crop:49 - Test Face Crop: bbox: [532.86084  72.76496 660.6102  252.50842]
2025-03-03 03:09:11.971 | UNIT_DEBUG | skyreels_a1.pre_process_lmk3d:face_crop:49 - Test Face Crop: bbox: [525.19006   73.392975 652.80566  249.03168 ]
2025-03-03 03:09:12.009 | UNIT_DEBUG | skyreels_a1.pre_process_lmk3d:face_crop:49 - Test Face Crop: bbox: [519.5087   71.20155 647.28406 249.11081]
2025-03-03 03:09:12.047 | UNIT_DEBUG | skyreels_a1.pre_process_lmk3d:face_crop:49 - Test Face Crop: bbox: [516.65814  71.54505 644.0715  247.93517]
2025-03-03 03:09:12.084 | UNIT_DEBUG | skyreels_a1.pre_process_lmk3d:face_crop:49 - Test Face Crop: bbox: [514.0631   70.83359 640.79126 245.4549 ]
2025-03-03 03:09:12.122 | UNIT_DEBUG | skyreels_a1.pre_process_lmk3d:face_crop:49 - Test Face Crop: bbox: [513.08887  71.61162 638.98    243.97028]
2025-03-03 03:09:12.160 | UNIT_DEBUG | skyreels_a1.pre_process_lmk3d:face_crop:49 - Test Face Crop: bbox: [513.38837  70.72395 639.6438  246.92473]
2025-03-03 03:09:12.198 | UNIT_DEBUG | skyreels_a1.pre_process_lmk3d:face_crop:49 - Test Face Crop: bbox: [514.4654   70.32089 640.4766  247.01395]
2025-03-03 03:09:12.236 | UNIT_DEBUG | skyreels_a1.pre_process_lmk3d:face_crop:49 - Test Face Crop: bbox: [517.79144  70.04769 644.1558  251.25272]
2025-03-03 03:09:12.273 | UNIT_DEBUG | skyreels_a1.pre_process_lmk3d:face_crop:49 - Test Face Crop: bbox: [527.3059   69.66473 652.29504 250.50336]
2025-03-03 03:09:12.311 | UNIT_DEBUG | skyreels_a1.pre_process_lmk3d:face_crop:49 - Test Face Crop: bbox: [535.26056  70.04374 659.89606 249.61829]
2025-03-03 03:09:12.349 | UNIT_DEBUG | skyreels_a1.pre_process_lmk3d:face_crop:49 - Test Face Crop: bbox: [546.12866   71.670044 668.1666   247.96277 ]
2025-03-03 03:09:12.386 | UNIT_DEBUG | skyreels_a1.pre_process_lmk3d:face_crop:49 - Test Face Crop: bbox: [555.3511   74.14814 677.73627 248.91313]
2025-03-03 03:09:12.424 | UNIT_DEBUG | skyreels_a1.pre_process_lmk3d:face_crop:49 - Test Face Crop: bbox: [560.6923   72.7094  685.05914 247.39932]
2025-03-03 03:09:12.462 | UNIT_DEBUG | skyreels_a1.pre_process_lmk3d:face_crop:49 - Test Face Crop: bbox: [565.38477  72.00833 689.6333  245.31593]
2025-03-03 03:09:12.500 | UNIT_DEBUG | skyreels_a1.pre_process_lmk3d:face_crop:49 - Test Face Crop: bbox: [569.37634  73.26118 692.7027  245.3804 ]
2025-03-03 03:09:12.538 | UNIT_DEBUG | skyreels_a1.pre_process_lmk3d:face_crop:49 - Test Face Crop: bbox: [573.07104  72.92671 696.5085  247.13104]
2025-03-03 03:09:12.576 | UNIT_DEBUG | skyreels_a1.pre_process_lmk3d:face_crop:49 - Test Face Crop: bbox: [577.2107   73.35269 701.06104 250.95102]
2025-03-03 03:09:12.613 | UNIT_DEBUG | skyreels_a1.pre_process_lmk3d:face_crop:49 - Test Face Crop: bbox: [580.3701    72.475204 705.3231   251.79282 ]
2025-03-03 03:09:12.651 | UNIT_DEBUG | skyreels_a1.pre_process_lmk3d:face_crop:49 - Test Face Crop: bbox: [582.6124   72.92212 708.12134 254.33643]
2025-03-03 03:09:12.689 | UNIT_DEBUG | skyreels_a1.pre_process_lmk3d:face_crop:49 - Test Face Crop: bbox: [584.1551   73.59211 710.6918  258.2328 ]
2025-03-03 03:09:12.726 | UNIT_DEBUG | skyreels_a1.pre_process_lmk3d:face_crop:49 - Test Face Crop: bbox: [584.6817    71.947365 712.34766  254.15778 ]
2025-03-03 03:09:12.764 | UNIT_DEBUG | skyreels_a1.pre_process_lmk3d:face_crop:49 - Test Face Crop: bbox: [584.6667   71.97728 711.31195 254.02515]
2025-03-03 03:09:12.802 | UNIT_DEBUG | skyreels_a1.pre_process_lmk3d:face_crop:49 - Test Face Crop: bbox: [583.5497   70.26647 710.42786 248.70715]
2025-03-03 03:09:12.840 | UNIT_DEBUG | skyreels_a1.pre_process_lmk3d:face_crop:49 - Test Face Crop: bbox: [581.5189   67.71452 705.7383  242.22784]
2025-03-03 03:09:12.878 | UNIT_DEBUG | skyreels_a1.pre_process_lmk3d:face_crop:49 - Test Face Crop: bbox: [578.64526  64.02758 702.3263  240.1548 ]
2025-03-03 03:09:12.915 | UNIT_DEBUG | skyreels_a1.pre_process_lmk3d:face_crop:49 - Test Face Crop: bbox: [576.6728    63.907974 698.8146   243.76933 ]
2025-03-03 03:09:12.953 | UNIT_DEBUG | skyreels_a1.pre_process_lmk3d:face_crop:49 - Test Face Crop: bbox: [570.20215  61.86093 693.3321  242.75461]
2025-03-03 03:09:12.991 | UNIT_DEBUG | skyreels_a1.pre_process_lmk3d:face_crop:49 - Test Face Crop: bbox: [560.90576   57.511612 683.9454   232.73566 ]
2025-03-03 03:09:13.029 | UNIT_DEBUG | skyreels_a1.pre_process_lmk3d:face_crop:49 - Test Face Crop: bbox: [552.67737   60.150116 676.3321   230.79623 ]
2025-03-03 03:09:13.067 | UNIT_DEBUG | skyreels_a1.pre_process_lmk3d:face_crop:49 - Test Face Crop: bbox: [547.3675    59.493576 670.8007   232.71898 ]
2025-03-03 03:09:13.104 | UNIT_DEBUG | skyreels_a1.pre_process_lmk3d:face_crop:49 - Test Face Crop: bbox: [542.8539    60.836563 665.9411   236.52835 ]
2025-03-03 03:09:13.142 | UNIT_DEBUG | skyreels_a1.pre_process_lmk3d:face_crop:49 - Test Face Crop: bbox: [536.91907   62.839195 663.61     242.33316 ]
2025-03-03 03:09:13.180 | UNIT_DEBUG | skyreels_a1.pre_process_lmk3d:face_crop:49 - Test Face Crop: bbox: [528.75574  64.1121  655.81525 245.16785]
2025-03-03 03:09:13.218 | UNIT_DEBUG | skyreels_a1.pre_process_lmk3d:face_crop:49 - Test Face Crop: bbox: [523.019    66.971   650.01324 245.26544]
2025-03-03 03:09:13.255 | UNIT_DEBUG | skyreels_a1.pre_process_lmk3d:face_crop:49 - Test Face Crop: bbox: [519.4272   67.5136  647.5375  245.33557]
2025-03-03 03:09:13.293 | UNIT_DEBUG | skyreels_a1.pre_process_lmk3d:face_crop:49 - Test Face Crop: bbox: [518.6282   67.6407  646.24646 245.5766 ]
2025-03-03 03:09:13.331 | UNIT_DEBUG | skyreels_a1.pre_process_lmk3d:face_crop:49 - Test Face Crop: bbox: [518.74677   67.052895 646.4416   244.9856  ]
2025-03-03 03:09:13.369 | UNIT_DEBUG | skyreels_a1.pre_process_lmk3d:face_crop:49 - Test Face Crop: bbox: [520.2204   66.22029 647.51526 242.9888 ]
2025-03-03 03:09:13.407 | UNIT_DEBUG | skyreels_a1.pre_process_lmk3d:face_crop:49 - Test Face Crop: bbox: [522.7244    64.949715 649.53     246.29689 ]
2025-03-03 03:09:13.444 | UNIT_DEBUG | skyreels_a1.pre_process_lmk3d:face_crop:49 - Test Face Crop: bbox: [527.0755   63.75714 653.00903 246.49689]
2025-03-03 03:09:13.482 | UNIT_DEBUG | skyreels_a1.pre_process_lmk3d:face_crop:49 - Test Face Crop: bbox: [532.24963   66.927284 658.02234  248.53558 ]
2025-03-03 03:09:13.520 | UNIT_DEBUG | skyreels_a1.pre_process_lmk3d:face_crop:49 - Test Face Crop: bbox: [541.3437   69.00969 664.60925 248.00967]
2025-03-03 03:09:13.558 | UNIT_DEBUG | skyreels_a1.pre_process_lmk3d:face_crop:49 - Test Face Crop: bbox: [549.60254  73.6455  672.3874  246.17783]
2025-03-03 06:43:50.364 | UNIT_DEBUG | inference:customize_loguru_logger:38 - This is a unit test debug message.
2025-03-03 06:43:50.554 | UNIT_DEBUG | __main__:test_smirk_encoder:14 - Load Pose Encoder
2025-03-03 06:47:49.454 | UNIT_DEBUG | inference:customize_loguru_logger:38 - This is a unit test debug message.
2025-03-03 06:47:49.908 | UNIT_DEBUG | __main__:test_smirk_encoder:16 - Load Pose Encoder
2025-03-03 06:47:51.564 | UNIT_DEBUG | __main__:test_smirk_encoder:19 - Load Pose Encoder
2025-03-03 06:47:51.780 | UNIT_DEBUG | __main__:test_smirk_encoder:22 - Load Pose Encoder
2025-03-03 06:50:10.086 | UNIT_DEBUG | inference:customize_loguru_logger:38 - This is a unit test debug message.
2025-03-03 06:50:10.612 | UNIT_DEBUG | __main__:test_smirk_encoder:16 - Load Pose Encoder
2025-03-03 06:50:10.838 | UNIT_DEBUG | __main__:test_smirk_encoder:19 - Load Expression Encoder
2025-03-03 06:50:10.928 | UNIT_DEBUG | __main__:test_smirk_encoder:22 - Load Shape Encoder
2025-03-03 08:04:45.442 | UNIT_DEBUG | __main__:customize_loguru_logger:38 - This is a unit test debug message.
2025-03-03 08:07:29.278 | UNIT_DEBUG | __main__:customize_loguru_logger:39 - This is a unit test debug message.
2025-03-03 08:07:33.373 | UNIT_DEBUG | skyreels_a1.pre_process_lmk3d:face_crop:49 - Test Face Crop: bbox: [566.2965    74.125694 691.44055  249.81537 ]
2025-03-03 08:07:33.411 | UNIT_DEBUG | skyreels_a1.pre_process_lmk3d:face_crop:49 - Test Face Crop: bbox: [566.2965    74.125694 691.44055  249.81537 ]
2025-03-03 08:07:33.449 | UNIT_DEBUG | skyreels_a1.pre_process_lmk3d:face_crop:49 - Test Face Crop: bbox: [555.29376  73.48716 680.4181  248.24088]
2025-03-03 08:07:33.495 | UNIT_DEBUG | skyreels_a1.pre_process_lmk3d:face_crop:49 - Test Face Crop: bbox: [542.99457  72.94956 667.9305  248.58977]
2025-03-03 08:07:33.532 | UNIT_DEBUG | skyreels_a1.pre_process_lmk3d:face_crop:49 - Test Face Crop: bbox: [532.86084  72.76496 660.6102  252.50842]
2025-03-03 08:07:33.570 | UNIT_DEBUG | skyreels_a1.pre_process_lmk3d:face_crop:49 - Test Face Crop: bbox: [525.19006   73.392975 652.80566  249.03168 ]
2025-03-03 08:07:33.608 | UNIT_DEBUG | skyreels_a1.pre_process_lmk3d:face_crop:49 - Test Face Crop: bbox: [519.5087   71.20155 647.28406 249.11081]
2025-03-03 08:07:33.646 | UNIT_DEBUG | skyreels_a1.pre_process_lmk3d:face_crop:49 - Test Face Crop: bbox: [516.65814  71.54505 644.0715  247.93517]
2025-03-03 08:07:33.683 | UNIT_DEBUG | skyreels_a1.pre_process_lmk3d:face_crop:49 - Test Face Crop: bbox: [514.0631   70.83359 640.79126 245.4549 ]
2025-03-03 08:07:33.721 | UNIT_DEBUG | skyreels_a1.pre_process_lmk3d:face_crop:49 - Test Face Crop: bbox: [513.08887  71.61162 638.98    243.97028]
2025-03-03 08:07:33.759 | UNIT_DEBUG | skyreels_a1.pre_process_lmk3d:face_crop:49 - Test Face Crop: bbox: [513.38837  70.72395 639.6438  246.92473]
2025-03-03 08:07:33.796 | UNIT_DEBUG | skyreels_a1.pre_process_lmk3d:face_crop:49 - Test Face Crop: bbox: [514.4654   70.32089 640.4766  247.01395]
2025-03-03 08:07:33.834 | UNIT_DEBUG | skyreels_a1.pre_process_lmk3d:face_crop:49 - Test Face Crop: bbox: [517.79144  70.04769 644.1558  251.25272]
2025-03-03 08:07:33.871 | UNIT_DEBUG | skyreels_a1.pre_process_lmk3d:face_crop:49 - Test Face Crop: bbox: [527.3059   69.66473 652.29504 250.50336]
2025-03-03 08:07:33.909 | UNIT_DEBUG | skyreels_a1.pre_process_lmk3d:face_crop:49 - Test Face Crop: bbox: [535.26056  70.04374 659.89606 249.61829]
2025-03-03 08:07:33.956 | UNIT_DEBUG | skyreels_a1.pre_process_lmk3d:face_crop:49 - Test Face Crop: bbox: [546.12866   71.670044 668.1666   247.96277 ]
2025-03-03 08:07:33.994 | UNIT_DEBUG | skyreels_a1.pre_process_lmk3d:face_crop:49 - Test Face Crop: bbox: [555.3511   74.14814 677.73627 248.91313]
2025-03-03 08:07:34.032 | UNIT_DEBUG | skyreels_a1.pre_process_lmk3d:face_crop:49 - Test Face Crop: bbox: [560.6923   72.7094  685.05914 247.39932]
2025-03-03 08:07:34.068 | UNIT_DEBUG | skyreels_a1.pre_process_lmk3d:face_crop:49 - Test Face Crop: bbox: [565.38477  72.00833 689.6333  245.31593]
2025-03-03 08:07:34.106 | UNIT_DEBUG | skyreels_a1.pre_process_lmk3d:face_crop:49 - Test Face Crop: bbox: [569.37634  73.26118 692.7027  245.3804 ]
2025-03-03 08:07:34.143 | UNIT_DEBUG | skyreels_a1.pre_process_lmk3d:face_crop:49 - Test Face Crop: bbox: [573.07104  72.92671 696.5085  247.13104]
2025-03-03 08:07:34.180 | UNIT_DEBUG | skyreels_a1.pre_process_lmk3d:face_crop:49 - Test Face Crop: bbox: [577.2107   73.35269 701.06104 250.95102]
2025-03-03 08:07:34.217 | UNIT_DEBUG | skyreels_a1.pre_process_lmk3d:face_crop:49 - Test Face Crop: bbox: [580.3701    72.475204 705.3231   251.79282 ]
2025-03-03 08:07:34.254 | UNIT_DEBUG | skyreels_a1.pre_process_lmk3d:face_crop:49 - Test Face Crop: bbox: [582.6124   72.92212 708.12134 254.33643]
2025-03-03 08:07:34.293 | UNIT_DEBUG | skyreels_a1.pre_process_lmk3d:face_crop:49 - Test Face Crop: bbox: [584.1551   73.59211 710.6918  258.2328 ]
2025-03-03 08:07:34.331 | UNIT_DEBUG | skyreels_a1.pre_process_lmk3d:face_crop:49 - Test Face Crop: bbox: [584.6817    71.947365 712.34766  254.15778 ]
2025-03-03 08:07:34.368 | UNIT_DEBUG | skyreels_a1.pre_process_lmk3d:face_crop:49 - Test Face Crop: bbox: [584.6667   71.97728 711.31195 254.02515]
2025-03-03 08:07:34.406 | UNIT_DEBUG | skyreels_a1.pre_process_lmk3d:face_crop:49 - Test Face Crop: bbox: [583.5497   70.26647 710.42786 248.70715]
2025-03-03 08:07:34.443 | UNIT_DEBUG | skyreels_a1.pre_process_lmk3d:face_crop:49 - Test Face Crop: bbox: [581.5189   67.71452 705.7383  242.22784]
2025-03-03 08:07:34.481 | UNIT_DEBUG | skyreels_a1.pre_process_lmk3d:face_crop:49 - Test Face Crop: bbox: [578.64526  64.02758 702.3263  240.1548 ]
2025-03-03 08:07:34.519 | UNIT_DEBUG | skyreels_a1.pre_process_lmk3d:face_crop:49 - Test Face Crop: bbox: [576.6728    63.907974 698.8146   243.76933 ]
2025-03-03 08:07:34.557 | UNIT_DEBUG | skyreels_a1.pre_process_lmk3d:face_crop:49 - Test Face Crop: bbox: [570.20215  61.86093 693.3321  242.75461]
2025-03-03 08:07:34.594 | UNIT_DEBUG | skyreels_a1.pre_process_lmk3d:face_crop:49 - Test Face Crop: bbox: [560.90576   57.511612 683.9454   232.73566 ]
2025-03-03 08:07:34.632 | UNIT_DEBUG | skyreels_a1.pre_process_lmk3d:face_crop:49 - Test Face Crop: bbox: [552.67737   60.150116 676.3321   230.79623 ]
2025-03-03 08:07:34.670 | UNIT_DEBUG | skyreels_a1.pre_process_lmk3d:face_crop:49 - Test Face Crop: bbox: [547.3675    59.493576 670.8007   232.71898 ]
2025-03-03 08:07:34.707 | UNIT_DEBUG | skyreels_a1.pre_process_lmk3d:face_crop:49 - Test Face Crop: bbox: [542.8539    60.836563 665.9411   236.52835 ]
2025-03-03 08:07:34.745 | UNIT_DEBUG | skyreels_a1.pre_process_lmk3d:face_crop:49 - Test Face Crop: bbox: [536.91907   62.839195 663.61     242.33316 ]
2025-03-03 08:07:34.783 | UNIT_DEBUG | skyreels_a1.pre_process_lmk3d:face_crop:49 - Test Face Crop: bbox: [528.75574  64.1121  655.81525 245.16785]
2025-03-03 08:07:34.820 | UNIT_DEBUG | skyreels_a1.pre_process_lmk3d:face_crop:49 - Test Face Crop: bbox: [523.019    66.971   650.01324 245.26544]
2025-03-03 08:07:34.858 | UNIT_DEBUG | skyreels_a1.pre_process_lmk3d:face_crop:49 - Test Face Crop: bbox: [519.4272   67.5136  647.5375  245.33557]
2025-03-03 08:07:34.895 | UNIT_DEBUG | skyreels_a1.pre_process_lmk3d:face_crop:49 - Test Face Crop: bbox: [518.6282   67.6407  646.24646 245.5766 ]
2025-03-03 08:07:34.933 | UNIT_DEBUG | skyreels_a1.pre_process_lmk3d:face_crop:49 - Test Face Crop: bbox: [518.74677   67.052895 646.4416   244.9856  ]
2025-03-03 08:07:34.970 | UNIT_DEBUG | skyreels_a1.pre_process_lmk3d:face_crop:49 - Test Face Crop: bbox: [520.2204   66.22029 647.51526 242.9888 ]
2025-03-03 08:07:35.008 | UNIT_DEBUG | skyreels_a1.pre_process_lmk3d:face_crop:49 - Test Face Crop: bbox: [522.7244    64.949715 649.53     246.29689 ]
2025-03-03 08:07:35.045 | UNIT_DEBUG | skyreels_a1.pre_process_lmk3d:face_crop:49 - Test Face Crop: bbox: [527.0755   63.75714 653.00903 246.49689]
2025-03-03 08:07:35.083 | UNIT_DEBUG | skyreels_a1.pre_process_lmk3d:face_crop:49 - Test Face Crop: bbox: [532.24963   66.927284 658.02234  248.53558 ]
2025-03-03 08:07:35.121 | UNIT_DEBUG | skyreels_a1.pre_process_lmk3d:face_crop:49 - Test Face Crop: bbox: [541.3437   69.00969 664.60925 248.00967]
2025-03-03 08:07:35.158 | UNIT_DEBUG | skyreels_a1.pre_process_lmk3d:face_crop:49 - Test Face Crop: bbox: [549.60254  73.6455  672.3874  246.17783]
2025-03-03 08:07:35.272 | UNIT_DEBUG | skyreels_a1.pre_process_lmk3d:face_crop:49 - Test Face Crop: bbox: [339.44247  67.0717  493.0356  264.7709 ]
2025-03-03 08:12:21.292 | UNIT_DEBUG | __main__:customize_loguru_logger:39 - This is a unit test debug message.
2025-03-03 08:12:25.093 | UNIT_DEBUG | skyreels_a1.pre_process_lmk3d:face_crop:49 - Test Face Crop: bbox: [566.2965    74.125694 691.44055  249.81537 ]
2025-03-03 08:12:25.137 | UNIT_DEBUG | skyreels_a1.pre_process_lmk3d:face_crop:49 - Test Face Crop: bbox: [566.2965    74.125694 691.44055  249.81537 ]
2025-03-03 08:12:25.175 | UNIT_DEBUG | skyreels_a1.pre_process_lmk3d:face_crop:49 - Test Face Crop: bbox: [555.29376  73.48716 680.4181  248.24088]
2025-03-03 08:12:25.214 | UNIT_DEBUG | skyreels_a1.pre_process_lmk3d:face_crop:49 - Test Face Crop: bbox: [542.99457  72.94956 667.9305  248.58977]
2025-03-03 08:12:25.251 | UNIT_DEBUG | skyreels_a1.pre_process_lmk3d:face_crop:49 - Test Face Crop: bbox: [532.86084  72.76496 660.6102  252.50842]
2025-03-03 08:12:25.291 | UNIT_DEBUG | skyreels_a1.pre_process_lmk3d:face_crop:49 - Test Face Crop: bbox: [525.19006   73.392975 652.80566  249.03168 ]
2025-03-03 08:12:25.330 | UNIT_DEBUG | skyreels_a1.pre_process_lmk3d:face_crop:49 - Test Face Crop: bbox: [519.5087   71.20155 647.28406 249.11081]
2025-03-03 08:12:25.367 | UNIT_DEBUG | skyreels_a1.pre_process_lmk3d:face_crop:49 - Test Face Crop: bbox: [516.65814  71.54505 644.0715  247.93517]
2025-03-03 08:12:25.407 | UNIT_DEBUG | skyreels_a1.pre_process_lmk3d:face_crop:49 - Test Face Crop: bbox: [514.0631   70.83359 640.79126 245.4549 ]
2025-03-03 08:12:25.446 | UNIT_DEBUG | skyreels_a1.pre_process_lmk3d:face_crop:49 - Test Face Crop: bbox: [513.08887  71.61162 638.98    243.97028]
2025-03-03 08:12:25.483 | UNIT_DEBUG | skyreels_a1.pre_process_lmk3d:face_crop:49 - Test Face Crop: bbox: [513.38837  70.72395 639.6438  246.92473]
2025-03-03 08:12:25.523 | UNIT_DEBUG | skyreels_a1.pre_process_lmk3d:face_crop:49 - Test Face Crop: bbox: [514.4654   70.32089 640.4766  247.01395]
2025-03-03 08:12:25.563 | UNIT_DEBUG | skyreels_a1.pre_process_lmk3d:face_crop:49 - Test Face Crop: bbox: [517.79144  70.04769 644.1558  251.25272]
2025-03-03 08:12:25.600 | UNIT_DEBUG | skyreels_a1.pre_process_lmk3d:face_crop:49 - Test Face Crop: bbox: [527.3059   69.66473 652.29504 250.50336]
2025-03-03 08:12:25.639 | UNIT_DEBUG | skyreels_a1.pre_process_lmk3d:face_crop:49 - Test Face Crop: bbox: [535.26056  70.04374 659.89606 249.61829]
2025-03-03 08:12:25.678 | UNIT_DEBUG | skyreels_a1.pre_process_lmk3d:face_crop:49 - Test Face Crop: bbox: [546.12866   71.670044 668.1666   247.96277 ]
2025-03-03 08:12:25.716 | UNIT_DEBUG | skyreels_a1.pre_process_lmk3d:face_crop:49 - Test Face Crop: bbox: [555.3511   74.14814 677.73627 248.91313]
2025-03-03 08:12:25.755 | UNIT_DEBUG | skyreels_a1.pre_process_lmk3d:face_crop:49 - Test Face Crop: bbox: [560.6923   72.7094  685.05914 247.39932]
2025-03-03 08:12:25.794 | UNIT_DEBUG | skyreels_a1.pre_process_lmk3d:face_crop:49 - Test Face Crop: bbox: [565.38477  72.00833 689.6333  245.31593]
2025-03-03 08:12:25.834 | UNIT_DEBUG | skyreels_a1.pre_process_lmk3d:face_crop:49 - Test Face Crop: bbox: [569.37634  73.26118 692.7027  245.3804 ]
2025-03-03 08:12:25.871 | UNIT_DEBUG | skyreels_a1.pre_process_lmk3d:face_crop:49 - Test Face Crop: bbox: [573.07104  72.92671 696.5085  247.13104]
2025-03-03 08:12:25.909 | UNIT_DEBUG | skyreels_a1.pre_process_lmk3d:face_crop:49 - Test Face Crop: bbox: [577.2107   73.35269 701.06104 250.95102]
2025-03-03 08:12:25.949 | UNIT_DEBUG | skyreels_a1.pre_process_lmk3d:face_crop:49 - Test Face Crop: bbox: [580.3701    72.475204 705.3231   251.79282 ]
2025-03-03 08:12:25.988 | UNIT_DEBUG | skyreels_a1.pre_process_lmk3d:face_crop:49 - Test Face Crop: bbox: [582.6124   72.92212 708.12134 254.33643]
2025-03-03 08:12:26.026 | UNIT_DEBUG | skyreels_a1.pre_process_lmk3d:face_crop:49 - Test Face Crop: bbox: [584.1551   73.59211 710.6918  258.2328 ]
2025-03-03 08:12:26.067 | UNIT_DEBUG | skyreels_a1.pre_process_lmk3d:face_crop:49 - Test Face Crop: bbox: [584.6817    71.947365 712.34766  254.15778 ]
2025-03-03 08:12:26.103 | UNIT_DEBUG | skyreels_a1.pre_process_lmk3d:face_crop:49 - Test Face Crop: bbox: [584.6667   71.97728 711.31195 254.02515]
2025-03-03 08:12:26.141 | UNIT_DEBUG | skyreels_a1.pre_process_lmk3d:face_crop:49 - Test Face Crop: bbox: [583.5497   70.26647 710.42786 248.70715]
2025-03-03 08:12:26.181 | UNIT_DEBUG | skyreels_a1.pre_process_lmk3d:face_crop:49 - Test Face Crop: bbox: [581.5189   67.71452 705.7383  242.22784]
2025-03-03 08:12:26.218 | UNIT_DEBUG | skyreels_a1.pre_process_lmk3d:face_crop:49 - Test Face Crop: bbox: [578.64526  64.02758 702.3263  240.1548 ]
2025-03-03 08:12:26.256 | UNIT_DEBUG | skyreels_a1.pre_process_lmk3d:face_crop:49 - Test Face Crop: bbox: [576.6728    63.907974 698.8146   243.76933 ]
2025-03-03 08:12:26.296 | UNIT_DEBUG | skyreels_a1.pre_process_lmk3d:face_crop:49 - Test Face Crop: bbox: [570.20215  61.86093 693.3321  242.75461]
2025-03-03 08:12:26.333 | UNIT_DEBUG | skyreels_a1.pre_process_lmk3d:face_crop:49 - Test Face Crop: bbox: [560.90576   57.511612 683.9454   232.73566 ]
2025-03-03 08:12:26.372 | UNIT_DEBUG | skyreels_a1.pre_process_lmk3d:face_crop:49 - Test Face Crop: bbox: [552.67737   60.150116 676.3321   230.79623 ]
2025-03-03 08:12:26.411 | UNIT_DEBUG | skyreels_a1.pre_process_lmk3d:face_crop:49 - Test Face Crop: bbox: [547.3675    59.493576 670.8007   232.71898 ]
2025-03-03 08:12:26.449 | UNIT_DEBUG | skyreels_a1.pre_process_lmk3d:face_crop:49 - Test Face Crop: bbox: [542.8539    60.836563 665.9411   236.52835 ]
2025-03-03 08:12:26.487 | UNIT_DEBUG | skyreels_a1.pre_process_lmk3d:face_crop:49 - Test Face Crop: bbox: [536.91907   62.839195 663.61     242.33316 ]
2025-03-03 08:12:26.527 | UNIT_DEBUG | skyreels_a1.pre_process_lmk3d:face_crop:49 - Test Face Crop: bbox: [528.75574  64.1121  655.81525 245.16785]
2025-03-03 08:12:26.565 | UNIT_DEBUG | skyreels_a1.pre_process_lmk3d:face_crop:49 - Test Face Crop: bbox: [523.019    66.971   650.01324 245.26544]
2025-03-03 08:12:26.603 | UNIT_DEBUG | skyreels_a1.pre_process_lmk3d:face_crop:49 - Test Face Crop: bbox: [519.4272   67.5136  647.5375  245.33557]
2025-03-03 08:12:26.642 | UNIT_DEBUG | skyreels_a1.pre_process_lmk3d:face_crop:49 - Test Face Crop: bbox: [518.6282   67.6407  646.24646 245.5766 ]
2025-03-03 08:12:26.680 | UNIT_DEBUG | skyreels_a1.pre_process_lmk3d:face_crop:49 - Test Face Crop: bbox: [518.74677   67.052895 646.4416   244.9856  ]
2025-03-03 08:12:26.722 | UNIT_DEBUG | skyreels_a1.pre_process_lmk3d:face_crop:49 - Test Face Crop: bbox: [520.2204   66.22029 647.51526 242.9888 ]
2025-03-03 08:12:26.761 | UNIT_DEBUG | skyreels_a1.pre_process_lmk3d:face_crop:49 - Test Face Crop: bbox: [522.7244    64.949715 649.53     246.29689 ]
2025-03-03 08:12:26.800 | UNIT_DEBUG | skyreels_a1.pre_process_lmk3d:face_crop:49 - Test Face Crop: bbox: [527.0755   63.75714 653.00903 246.49689]
2025-03-03 08:12:26.837 | UNIT_DEBUG | skyreels_a1.pre_process_lmk3d:face_crop:49 - Test Face Crop: bbox: [532.24963   66.927284 658.02234  248.53558 ]
2025-03-03 08:12:26.876 | UNIT_DEBUG | skyreels_a1.pre_process_lmk3d:face_crop:49 - Test Face Crop: bbox: [541.3437   69.00969 664.60925 248.00967]
2025-03-03 08:12:26.914 | UNIT_DEBUG | skyreels_a1.pre_process_lmk3d:face_crop:49 - Test Face Crop: bbox: [549.60254  73.6455  672.3874  246.17783]
2025-03-03 08:12:27.001 | UNIT_DEBUG | skyreels_a1.pre_process_lmk3d:face_crop:49 - Test Face Crop: bbox: [339.44247  67.0717  493.0356  264.7709 ]
2025-03-03 08:19:21.141 | UNIT_DEBUG | __main__:customize_loguru_logger:39 - This is a unit test debug message.
2025-03-03 08:19:25.220 | UNIT_DEBUG | skyreels_a1.pre_process_lmk3d:face_crop:49 - Test Face Crop: bbox: [566.2965    74.125694 691.44055  249.81537 ]
2025-03-03 08:19:25.258 | UNIT_DEBUG | skyreels_a1.pre_process_lmk3d:face_crop:49 - Test Face Crop: bbox: [566.2965    74.125694 691.44055  249.81537 ]
2025-03-03 08:19:25.296 | UNIT_DEBUG | skyreels_a1.pre_process_lmk3d:face_crop:49 - Test Face Crop: bbox: [555.29376  73.48716 680.4181  248.24088]
2025-03-03 08:19:25.333 | UNIT_DEBUG | skyreels_a1.pre_process_lmk3d:face_crop:49 - Test Face Crop: bbox: [542.99457  72.94956 667.9305  248.58977]
2025-03-03 08:19:25.370 | UNIT_DEBUG | skyreels_a1.pre_process_lmk3d:face_crop:49 - Test Face Crop: bbox: [532.86084  72.76496 660.6102  252.50842]
2025-03-03 08:19:25.407 | UNIT_DEBUG | skyreels_a1.pre_process_lmk3d:face_crop:49 - Test Face Crop: bbox: [525.19006   73.392975 652.80566  249.03168 ]
2025-03-03 08:19:25.444 | UNIT_DEBUG | skyreels_a1.pre_process_lmk3d:face_crop:49 - Test Face Crop: bbox: [519.5087   71.20155 647.28406 249.11081]
2025-03-03 08:19:25.482 | UNIT_DEBUG | skyreels_a1.pre_process_lmk3d:face_crop:49 - Test Face Crop: bbox: [516.65814  71.54505 644.0715  247.93517]
2025-03-03 08:19:25.519 | UNIT_DEBUG | skyreels_a1.pre_process_lmk3d:face_crop:49 - Test Face Crop: bbox: [514.0631   70.83359 640.79126 245.4549 ]
2025-03-03 08:19:25.556 | UNIT_DEBUG | skyreels_a1.pre_process_lmk3d:face_crop:49 - Test Face Crop: bbox: [513.08887  71.61162 638.98    243.97028]
2025-03-03 08:19:25.593 | UNIT_DEBUG | skyreels_a1.pre_process_lmk3d:face_crop:49 - Test Face Crop: bbox: [513.38837  70.72395 639.6438  246.92473]
2025-03-03 08:19:25.630 | UNIT_DEBUG | skyreels_a1.pre_process_lmk3d:face_crop:49 - Test Face Crop: bbox: [514.4654   70.32089 640.4766  247.01395]
2025-03-03 08:19:25.667 | UNIT_DEBUG | skyreels_a1.pre_process_lmk3d:face_crop:49 - Test Face Crop: bbox: [517.79144  70.04769 644.1558  251.25272]
2025-03-03 08:19:25.704 | UNIT_DEBUG | skyreels_a1.pre_process_lmk3d:face_crop:49 - Test Face Crop: bbox: [527.3059   69.66473 652.29504 250.50336]
2025-03-03 08:19:25.742 | UNIT_DEBUG | skyreels_a1.pre_process_lmk3d:face_crop:49 - Test Face Crop: bbox: [535.26056  70.04374 659.89606 249.61829]
2025-03-03 08:19:25.779 | UNIT_DEBUG | skyreels_a1.pre_process_lmk3d:face_crop:49 - Test Face Crop: bbox: [546.12866   71.670044 668.1666   247.96277 ]
2025-03-03 08:19:25.816 | UNIT_DEBUG | skyreels_a1.pre_process_lmk3d:face_crop:49 - Test Face Crop: bbox: [555.3511   74.14814 677.73627 248.91313]
2025-03-03 08:19:25.853 | UNIT_DEBUG | skyreels_a1.pre_process_lmk3d:face_crop:49 - Test Face Crop: bbox: [560.6923   72.7094  685.05914 247.39932]
2025-03-03 08:19:25.890 | UNIT_DEBUG | skyreels_a1.pre_process_lmk3d:face_crop:49 - Test Face Crop: bbox: [565.38477  72.00833 689.6333  245.31593]
2025-03-03 08:19:25.927 | UNIT_DEBUG | skyreels_a1.pre_process_lmk3d:face_crop:49 - Test Face Crop: bbox: [569.37634  73.26118 692.7027  245.3804 ]
2025-03-03 08:19:25.964 | UNIT_DEBUG | skyreels_a1.pre_process_lmk3d:face_crop:49 - Test Face Crop: bbox: [573.07104  72.92671 696.5085  247.13104]
2025-03-03 08:19:26.000 | UNIT_DEBUG | skyreels_a1.pre_process_lmk3d:face_crop:49 - Test Face Crop: bbox: [577.2107   73.35269 701.06104 250.95102]
2025-03-03 08:19:26.037 | UNIT_DEBUG | skyreels_a1.pre_process_lmk3d:face_crop:49 - Test Face Crop: bbox: [580.3701    72.475204 705.3231   251.79282 ]
2025-03-03 08:19:26.074 | UNIT_DEBUG | skyreels_a1.pre_process_lmk3d:face_crop:49 - Test Face Crop: bbox: [582.6124   72.92212 708.12134 254.33643]
2025-03-03 08:19:26.111 | UNIT_DEBUG | skyreels_a1.pre_process_lmk3d:face_crop:49 - Test Face Crop: bbox: [584.1551   73.59211 710.6918  258.2328 ]
2025-03-03 08:19:26.148 | UNIT_DEBUG | skyreels_a1.pre_process_lmk3d:face_crop:49 - Test Face Crop: bbox: [584.6817    71.947365 712.34766  254.15778 ]
2025-03-03 08:19:26.185 | UNIT_DEBUG | skyreels_a1.pre_process_lmk3d:face_crop:49 - Test Face Crop: bbox: [584.6667   71.97728 711.31195 254.02515]
2025-03-03 08:19:26.222 | UNIT_DEBUG | skyreels_a1.pre_process_lmk3d:face_crop:49 - Test Face Crop: bbox: [583.5497   70.26647 710.42786 248.70715]
2025-03-03 08:19:26.259 | UNIT_DEBUG | skyreels_a1.pre_process_lmk3d:face_crop:49 - Test Face Crop: bbox: [581.5189   67.71452 705.7383  242.22784]
2025-03-03 08:19:26.295 | UNIT_DEBUG | skyreels_a1.pre_process_lmk3d:face_crop:49 - Test Face Crop: bbox: [578.64526  64.02758 702.3263  240.1548 ]
2025-03-03 08:19:26.333 | UNIT_DEBUG | skyreels_a1.pre_process_lmk3d:face_crop:49 - Test Face Crop: bbox: [576.6728    63.907974 698.8146   243.76933 ]
2025-03-03 08:19:26.369 | UNIT_DEBUG | skyreels_a1.pre_process_lmk3d:face_crop:49 - Test Face Crop: bbox: [570.20215  61.86093 693.3321  242.75461]
2025-03-03 08:19:26.406 | UNIT_DEBUG | skyreels_a1.pre_process_lmk3d:face_crop:49 - Test Face Crop: bbox: [560.90576   57.511612 683.9454   232.73566 ]
2025-03-03 08:19:26.443 | UNIT_DEBUG | skyreels_a1.pre_process_lmk3d:face_crop:49 - Test Face Crop: bbox: [552.67737   60.150116 676.3321   230.79623 ]
2025-03-03 08:19:26.480 | UNIT_DEBUG | skyreels_a1.pre_process_lmk3d:face_crop:49 - Test Face Crop: bbox: [547.3675    59.493576 670.8007   232.71898 ]
2025-03-03 08:19:26.517 | UNIT_DEBUG | skyreels_a1.pre_process_lmk3d:face_crop:49 - Test Face Crop: bbox: [542.8539    60.836563 665.9411   236.52835 ]
2025-03-03 08:19:26.554 | UNIT_DEBUG | skyreels_a1.pre_process_lmk3d:face_crop:49 - Test Face Crop: bbox: [536.91907   62.839195 663.61     242.33316 ]
2025-03-03 08:19:26.591 | UNIT_DEBUG | skyreels_a1.pre_process_lmk3d:face_crop:49 - Test Face Crop: bbox: [528.75574  64.1121  655.81525 245.16785]
2025-03-03 08:19:26.628 | UNIT_DEBUG | skyreels_a1.pre_process_lmk3d:face_crop:49 - Test Face Crop: bbox: [523.019    66.971   650.01324 245.26544]
2025-03-03 08:19:26.664 | UNIT_DEBUG | skyreels_a1.pre_process_lmk3d:face_crop:49 - Test Face Crop: bbox: [519.4272   67.5136  647.5375  245.33557]
2025-03-03 08:19:26.702 | UNIT_DEBUG | skyreels_a1.pre_process_lmk3d:face_crop:49 - Test Face Crop: bbox: [518.6282   67.6407  646.24646 245.5766 ]
2025-03-03 08:19:26.738 | UNIT_DEBUG | skyreels_a1.pre_process_lmk3d:face_crop:49 - Test Face Crop: bbox: [518.74677   67.052895 646.4416   244.9856  ]
2025-03-03 08:19:26.775 | UNIT_DEBUG | skyreels_a1.pre_process_lmk3d:face_crop:49 - Test Face Crop: bbox: [520.2204   66.22029 647.51526 242.9888 ]
2025-03-03 08:19:26.812 | UNIT_DEBUG | skyreels_a1.pre_process_lmk3d:face_crop:49 - Test Face Crop: bbox: [522.7244    64.949715 649.53     246.29689 ]
2025-03-03 08:19:26.849 | UNIT_DEBUG | skyreels_a1.pre_process_lmk3d:face_crop:49 - Test Face Crop: bbox: [527.0755   63.75714 653.00903 246.49689]
2025-03-03 08:19:26.886 | UNIT_DEBUG | skyreels_a1.pre_process_lmk3d:face_crop:49 - Test Face Crop: bbox: [532.24963   66.927284 658.02234  248.53558 ]
2025-03-03 08:19:26.922 | UNIT_DEBUG | skyreels_a1.pre_process_lmk3d:face_crop:49 - Test Face Crop: bbox: [541.3437   69.00969 664.60925 248.00967]
2025-03-03 08:19:26.959 | UNIT_DEBUG | skyreels_a1.pre_process_lmk3d:face_crop:49 - Test Face Crop: bbox: [549.60254  73.6455  672.3874  246.17783]
2025-03-03 08:20:48.702 | UNIT_DEBUG | __main__:customize_loguru_logger:39 - This is a unit test debug message.
2025-03-03 08:20:52.517 | UNIT_DEBUG | skyreels_a1.pre_process_lmk3d:face_crop:49 - Test Face Crop: bbox: [566.2965    74.125694 691.44055  249.81537 ]
2025-03-03 08:20:52.556 | UNIT_DEBUG | skyreels_a1.pre_process_lmk3d:face_crop:49 - Test Face Crop: bbox: [566.2965    74.125694 691.44055  249.81537 ]
2025-03-03 08:20:52.595 | UNIT_DEBUG | skyreels_a1.pre_process_lmk3d:face_crop:49 - Test Face Crop: bbox: [555.29376  73.48716 680.4181  248.24088]
2025-03-03 08:20:52.633 | UNIT_DEBUG | skyreels_a1.pre_process_lmk3d:face_crop:49 - Test Face Crop: bbox: [542.99457  72.94956 667.9305  248.58977]
2025-03-03 08:20:52.671 | UNIT_DEBUG | skyreels_a1.pre_process_lmk3d:face_crop:49 - Test Face Crop: bbox: [532.86084  72.76496 660.6102  252.50842]
2025-03-03 08:20:52.712 | UNIT_DEBUG | skyreels_a1.pre_process_lmk3d:face_crop:49 - Test Face Crop: bbox: [525.19006   73.392975 652.80566  249.03168 ]
2025-03-03 08:20:52.750 | UNIT_DEBUG | skyreels_a1.pre_process_lmk3d:face_crop:49 - Test Face Crop: bbox: [519.5087   71.20155 647.28406 249.11081]
2025-03-03 08:20:52.789 | UNIT_DEBUG | skyreels_a1.pre_process_lmk3d:face_crop:49 - Test Face Crop: bbox: [516.65814  71.54505 644.0715  247.93517]
2025-03-03 08:20:52.828 | UNIT_DEBUG | skyreels_a1.pre_process_lmk3d:face_crop:49 - Test Face Crop: bbox: [514.0631   70.83359 640.79126 245.4549 ]
2025-03-03 08:20:52.867 | UNIT_DEBUG | skyreels_a1.pre_process_lmk3d:face_crop:49 - Test Face Crop: bbox: [513.08887  71.61162 638.98    243.97028]
2025-03-03 08:20:52.904 | UNIT_DEBUG | skyreels_a1.pre_process_lmk3d:face_crop:49 - Test Face Crop: bbox: [513.38837  70.72395 639.6438  246.92473]
2025-03-03 08:20:52.942 | UNIT_DEBUG | skyreels_a1.pre_process_lmk3d:face_crop:49 - Test Face Crop: bbox: [514.4654   70.32089 640.4766  247.01395]
2025-03-03 08:20:52.979 | UNIT_DEBUG | skyreels_a1.pre_process_lmk3d:face_crop:49 - Test Face Crop: bbox: [517.79144  70.04769 644.1558  251.25272]
2025-03-03 08:20:53.017 | UNIT_DEBUG | skyreels_a1.pre_process_lmk3d:face_crop:49 - Test Face Crop: bbox: [527.3059   69.66473 652.29504 250.50336]
2025-03-03 08:20:53.066 | UNIT_DEBUG | skyreels_a1.pre_process_lmk3d:face_crop:49 - Test Face Crop: bbox: [535.26056  70.04374 659.89606 249.61829]
2025-03-03 08:20:53.106 | UNIT_DEBUG | skyreels_a1.pre_process_lmk3d:face_crop:49 - Test Face Crop: bbox: [546.12866   71.670044 668.1666   247.96277 ]
2025-03-03 08:20:53.144 | UNIT_DEBUG | skyreels_a1.pre_process_lmk3d:face_crop:49 - Test Face Crop: bbox: [555.3511   74.14814 677.73627 248.91313]
2025-03-03 08:20:53.183 | UNIT_DEBUG | skyreels_a1.pre_process_lmk3d:face_crop:49 - Test Face Crop: bbox: [560.6923   72.7094  685.05914 247.39932]
2025-03-03 08:20:53.221 | UNIT_DEBUG | skyreels_a1.pre_process_lmk3d:face_crop:49 - Test Face Crop: bbox: [565.38477  72.00833 689.6333  245.31593]
2025-03-03 08:20:53.259 | UNIT_DEBUG | skyreels_a1.pre_process_lmk3d:face_crop:49 - Test Face Crop: bbox: [569.37634  73.26118 692.7027  245.3804 ]
2025-03-03 08:20:53.298 | UNIT_DEBUG | skyreels_a1.pre_process_lmk3d:face_crop:49 - Test Face Crop: bbox: [573.07104  72.92671 696.5085  247.13104]
2025-03-03 08:20:53.336 | UNIT_DEBUG | skyreels_a1.pre_process_lmk3d:face_crop:49 - Test Face Crop: bbox: [577.2107   73.35269 701.06104 250.95102]
2025-03-03 08:20:53.375 | UNIT_DEBUG | skyreels_a1.pre_process_lmk3d:face_crop:49 - Test Face Crop: bbox: [580.3701    72.475204 705.3231   251.79282 ]
2025-03-03 08:20:53.421 | UNIT_DEBUG | skyreels_a1.pre_process_lmk3d:face_crop:49 - Test Face Crop: bbox: [582.6124   72.92212 708.12134 254.33643]
2025-03-03 08:20:53.459 | UNIT_DEBUG | skyreels_a1.pre_process_lmk3d:face_crop:49 - Test Face Crop: bbox: [584.1551   73.59211 710.6918  258.2328 ]
2025-03-03 08:20:53.498 | UNIT_DEBUG | skyreels_a1.pre_process_lmk3d:face_crop:49 - Test Face Crop: bbox: [584.6817    71.947365 712.34766  254.15778 ]
2025-03-03 08:20:53.537 | UNIT_DEBUG | skyreels_a1.pre_process_lmk3d:face_crop:49 - Test Face Crop: bbox: [584.6667   71.97728 711.31195 254.02515]
2025-03-03 08:20:53.575 | UNIT_DEBUG | skyreels_a1.pre_process_lmk3d:face_crop:49 - Test Face Crop: bbox: [583.5497   70.26647 710.42786 248.70715]
2025-03-03 08:20:53.614 | UNIT_DEBUG | skyreels_a1.pre_process_lmk3d:face_crop:49 - Test Face Crop: bbox: [581.5189   67.71452 705.7383  242.22784]
2025-03-03 08:20:53.652 | UNIT_DEBUG | skyreels_a1.pre_process_lmk3d:face_crop:49 - Test Face Crop: bbox: [578.64526  64.02758 702.3263  240.1548 ]
2025-03-03 08:20:53.691 | UNIT_DEBUG | skyreels_a1.pre_process_lmk3d:face_crop:49 - Test Face Crop: bbox: [576.6728    63.907974 698.8146   243.76933 ]
2025-03-03 08:20:53.729 | UNIT_DEBUG | skyreels_a1.pre_process_lmk3d:face_crop:49 - Test Face Crop: bbox: [570.20215  61.86093 693.3321  242.75461]
2025-03-03 08:20:53.768 | UNIT_DEBUG | skyreels_a1.pre_process_lmk3d:face_crop:49 - Test Face Crop: bbox: [560.90576   57.511612 683.9454   232.73566 ]
2025-03-03 08:20:53.806 | UNIT_DEBUG | skyreels_a1.pre_process_lmk3d:face_crop:49 - Test Face Crop: bbox: [552.67737   60.150116 676.3321   230.79623 ]
2025-03-03 08:20:53.872 | UNIT_DEBUG | skyreels_a1.pre_process_lmk3d:face_crop:49 - Test Face Crop: bbox: [547.3675    59.493576 670.8007   232.71898 ]
2025-03-03 08:20:53.915 | UNIT_DEBUG | skyreels_a1.pre_process_lmk3d:face_crop:49 - Test Face Crop: bbox: [542.8539    60.836563 665.9411   236.52835 ]
2025-03-03 08:20:53.954 | UNIT_DEBUG | skyreels_a1.pre_process_lmk3d:face_crop:49 - Test Face Crop: bbox: [536.91907   62.839195 663.61     242.33316 ]
2025-03-03 08:20:53.992 | UNIT_DEBUG | skyreels_a1.pre_process_lmk3d:face_crop:49 - Test Face Crop: bbox: [528.75574  64.1121  655.81525 245.16785]
2025-03-03 08:20:54.030 | UNIT_DEBUG | skyreels_a1.pre_process_lmk3d:face_crop:49 - Test Face Crop: bbox: [523.019    66.971   650.01324 245.26544]
2025-03-03 08:20:54.073 | UNIT_DEBUG | skyreels_a1.pre_process_lmk3d:face_crop:49 - Test Face Crop: bbox: [519.4272   67.5136  647.5375  245.33557]
2025-03-03 08:20:54.112 | UNIT_DEBUG | skyreels_a1.pre_process_lmk3d:face_crop:49 - Test Face Crop: bbox: [518.6282   67.6407  646.24646 245.5766 ]
2025-03-03 08:20:54.151 | UNIT_DEBUG | skyreels_a1.pre_process_lmk3d:face_crop:49 - Test Face Crop: bbox: [518.74677   67.052895 646.4416   244.9856  ]
2025-03-03 08:20:54.189 | UNIT_DEBUG | skyreels_a1.pre_process_lmk3d:face_crop:49 - Test Face Crop: bbox: [520.2204   66.22029 647.51526 242.9888 ]
2025-03-03 08:20:54.227 | UNIT_DEBUG | skyreels_a1.pre_process_lmk3d:face_crop:49 - Test Face Crop: bbox: [522.7244    64.949715 649.53     246.29689 ]
2025-03-03 08:20:54.266 | UNIT_DEBUG | skyreels_a1.pre_process_lmk3d:face_crop:49 - Test Face Crop: bbox: [527.0755   63.75714 653.00903 246.49689]
2025-03-03 08:20:54.305 | UNIT_DEBUG | skyreels_a1.pre_process_lmk3d:face_crop:49 - Test Face Crop: bbox: [532.24963   66.927284 658.02234  248.53558 ]
2025-03-03 08:20:54.343 | UNIT_DEBUG | skyreels_a1.pre_process_lmk3d:face_crop:49 - Test Face Crop: bbox: [541.3437   69.00969 664.60925 248.00967]
2025-03-03 08:20:54.381 | UNIT_DEBUG | skyreels_a1.pre_process_lmk3d:face_crop:49 - Test Face Crop: bbox: [549.60254  73.6455  672.3874  246.17783]
2025-03-03 08:23:42.017 | UNIT_DEBUG | __main__:customize_loguru_logger:39 - This is a unit test debug message.
2025-03-03 08:23:45.838 | UNIT_DEBUG | skyreels_a1.pre_process_lmk3d:face_crop:49 - Test Face Crop: bbox: [566.2965    74.125694 691.44055  249.81537 ]
2025-03-03 08:23:45.876 | UNIT_DEBUG | skyreels_a1.pre_process_lmk3d:face_crop:49 - Test Face Crop: bbox: [566.2965    74.125694 691.44055  249.81537 ]
2025-03-03 08:23:45.914 | UNIT_DEBUG | skyreels_a1.pre_process_lmk3d:face_crop:49 - Test Face Crop: bbox: [555.29376  73.48716 680.4181  248.24088]
2025-03-03 08:23:45.951 | UNIT_DEBUG | skyreels_a1.pre_process_lmk3d:face_crop:49 - Test Face Crop: bbox: [542.99457  72.94956 667.9305  248.58977]
2025-03-03 08:23:45.989 | UNIT_DEBUG | skyreels_a1.pre_process_lmk3d:face_crop:49 - Test Face Crop: bbox: [532.86084  72.76496 660.6102  252.50842]
2025-03-03 08:23:46.027 | UNIT_DEBUG | skyreels_a1.pre_process_lmk3d:face_crop:49 - Test Face Crop: bbox: [525.19006   73.392975 652.80566  249.03168 ]
2025-03-03 08:23:46.064 | UNIT_DEBUG | skyreels_a1.pre_process_lmk3d:face_crop:49 - Test Face Crop: bbox: [519.5087   71.20155 647.28406 249.11081]
2025-03-03 08:23:46.102 | UNIT_DEBUG | skyreels_a1.pre_process_lmk3d:face_crop:49 - Test Face Crop: bbox: [516.65814  71.54505 644.0715  247.93517]
2025-03-03 08:23:46.220 | UNIT_DEBUG | skyreels_a1.pre_process_lmk3d:face_crop:49 - Test Face Crop: bbox: [514.0631   70.83359 640.79126 245.4549 ]
2025-03-03 08:23:46.264 | UNIT_DEBUG | skyreels_a1.pre_process_lmk3d:face_crop:49 - Test Face Crop: bbox: [513.08887  71.61162 638.98    243.97028]
2025-03-03 08:23:46.301 | UNIT_DEBUG | skyreels_a1.pre_process_lmk3d:face_crop:49 - Test Face Crop: bbox: [513.38837  70.72395 639.6438  246.92473]
2025-03-03 08:23:46.338 | UNIT_DEBUG | skyreels_a1.pre_process_lmk3d:face_crop:49 - Test Face Crop: bbox: [514.4654   70.32089 640.4766  247.01395]
2025-03-03 08:23:46.376 | UNIT_DEBUG | skyreels_a1.pre_process_lmk3d:face_crop:49 - Test Face Crop: bbox: [517.79144  70.04769 644.1558  251.25272]
2025-03-03 08:23:46.413 | UNIT_DEBUG | skyreels_a1.pre_process_lmk3d:face_crop:49 - Test Face Crop: bbox: [527.3059   69.66473 652.29504 250.50336]
2025-03-03 08:23:46.450 | UNIT_DEBUG | skyreels_a1.pre_process_lmk3d:face_crop:49 - Test Face Crop: bbox: [535.26056  70.04374 659.89606 249.61829]
2025-03-03 08:23:46.487 | UNIT_DEBUG | skyreels_a1.pre_process_lmk3d:face_crop:49 - Test Face Crop: bbox: [546.12866   71.670044 668.1666   247.96277 ]
2025-03-03 08:23:46.524 | UNIT_DEBUG | skyreels_a1.pre_process_lmk3d:face_crop:49 - Test Face Crop: bbox: [555.3511   74.14814 677.73627 248.91313]
2025-03-03 08:23:46.561 | UNIT_DEBUG | skyreels_a1.pre_process_lmk3d:face_crop:49 - Test Face Crop: bbox: [560.6923   72.7094  685.05914 247.39932]
2025-03-03 08:23:46.599 | UNIT_DEBUG | skyreels_a1.pre_process_lmk3d:face_crop:49 - Test Face Crop: bbox: [565.38477  72.00833 689.6333  245.31593]
2025-03-03 08:23:46.636 | UNIT_DEBUG | skyreels_a1.pre_process_lmk3d:face_crop:49 - Test Face Crop: bbox: [569.37634  73.26118 692.7027  245.3804 ]
2025-03-03 08:23:46.673 | UNIT_DEBUG | skyreels_a1.pre_process_lmk3d:face_crop:49 - Test Face Crop: bbox: [573.07104  72.92671 696.5085  247.13104]
2025-03-03 08:23:46.710 | UNIT_DEBUG | skyreels_a1.pre_process_lmk3d:face_crop:49 - Test Face Crop: bbox: [577.2107   73.35269 701.06104 250.95102]
2025-03-03 08:23:46.747 | UNIT_DEBUG | skyreels_a1.pre_process_lmk3d:face_crop:49 - Test Face Crop: bbox: [580.3701    72.475204 705.3231   251.79282 ]
2025-03-03 08:23:46.784 | UNIT_DEBUG | skyreels_a1.pre_process_lmk3d:face_crop:49 - Test Face Crop: bbox: [582.6124   72.92212 708.12134 254.33643]
2025-03-03 08:23:46.821 | UNIT_DEBUG | skyreels_a1.pre_process_lmk3d:face_crop:49 - Test Face Crop: bbox: [584.1551   73.59211 710.6918  258.2328 ]
2025-03-03 08:23:46.858 | UNIT_DEBUG | skyreels_a1.pre_process_lmk3d:face_crop:49 - Test Face Crop: bbox: [584.6817    71.947365 712.34766  254.15778 ]
2025-03-03 08:23:46.895 | UNIT_DEBUG | skyreels_a1.pre_process_lmk3d:face_crop:49 - Test Face Crop: bbox: [584.6667   71.97728 711.31195 254.02515]
2025-03-03 08:23:46.932 | UNIT_DEBUG | skyreels_a1.pre_process_lmk3d:face_crop:49 - Test Face Crop: bbox: [583.5497   70.26647 710.42786 248.70715]
2025-03-03 08:23:46.969 | UNIT_DEBUG | skyreels_a1.pre_process_lmk3d:face_crop:49 - Test Face Crop: bbox: [581.5189   67.71452 705.7383  242.22784]
2025-03-03 08:23:47.006 | UNIT_DEBUG | skyreels_a1.pre_process_lmk3d:face_crop:49 - Test Face Crop: bbox: [578.64526  64.02758 702.3263  240.1548 ]
2025-03-03 08:23:47.044 | UNIT_DEBUG | skyreels_a1.pre_process_lmk3d:face_crop:49 - Test Face Crop: bbox: [576.6728    63.907974 698.8146   243.76933 ]
2025-03-03 08:23:47.081 | UNIT_DEBUG | skyreels_a1.pre_process_lmk3d:face_crop:49 - Test Face Crop: bbox: [570.20215  61.86093 693.3321  242.75461]
2025-03-03 08:23:47.118 | UNIT_DEBUG | skyreels_a1.pre_process_lmk3d:face_crop:49 - Test Face Crop: bbox: [560.90576   57.511612 683.9454   232.73566 ]
2025-03-03 08:23:47.155 | UNIT_DEBUG | skyreels_a1.pre_process_lmk3d:face_crop:49 - Test Face Crop: bbox: [552.67737   60.150116 676.3321   230.79623 ]
2025-03-03 08:23:47.209 | UNIT_DEBUG | skyreels_a1.pre_process_lmk3d:face_crop:49 - Test Face Crop: bbox: [547.3675    59.493576 670.8007   232.71898 ]
2025-03-03 08:23:47.262 | UNIT_DEBUG | skyreels_a1.pre_process_lmk3d:face_crop:49 - Test Face Crop: bbox: [542.8539    60.836563 665.9411   236.52835 ]
2025-03-03 08:23:47.298 | UNIT_DEBUG | skyreels_a1.pre_process_lmk3d:face_crop:49 - Test Face Crop: bbox: [536.91907   62.839195 663.61     242.33316 ]
2025-03-03 08:23:47.336 | UNIT_DEBUG | skyreels_a1.pre_process_lmk3d:face_crop:49 - Test Face Crop: bbox: [528.75574  64.1121  655.81525 245.16785]
2025-03-03 08:23:47.375 | UNIT_DEBUG | skyreels_a1.pre_process_lmk3d:face_crop:49 - Test Face Crop: bbox: [523.019    66.971   650.01324 245.26544]
2025-03-03 08:23:47.414 | UNIT_DEBUG | skyreels_a1.pre_process_lmk3d:face_crop:49 - Test Face Crop: bbox: [519.4272   67.5136  647.5375  245.33557]
2025-03-03 08:23:47.453 | UNIT_DEBUG | skyreels_a1.pre_process_lmk3d:face_crop:49 - Test Face Crop: bbox: [518.6282   67.6407  646.24646 245.5766 ]
2025-03-03 08:23:47.492 | UNIT_DEBUG | skyreels_a1.pre_process_lmk3d:face_crop:49 - Test Face Crop: bbox: [518.74677   67.052895 646.4416   244.9856  ]
2025-03-03 08:23:47.531 | UNIT_DEBUG | skyreels_a1.pre_process_lmk3d:face_crop:49 - Test Face Crop: bbox: [520.2204   66.22029 647.51526 242.9888 ]
2025-03-03 08:23:47.569 | UNIT_DEBUG | skyreels_a1.pre_process_lmk3d:face_crop:49 - Test Face Crop: bbox: [522.7244    64.949715 649.53     246.29689 ]
2025-03-03 08:23:47.608 | UNIT_DEBUG | skyreels_a1.pre_process_lmk3d:face_crop:49 - Test Face Crop: bbox: [527.0755   63.75714 653.00903 246.49689]
2025-03-03 08:23:47.646 | UNIT_DEBUG | skyreels_a1.pre_process_lmk3d:face_crop:49 - Test Face Crop: bbox: [532.24963   66.927284 658.02234  248.53558 ]
2025-03-03 08:23:47.688 | UNIT_DEBUG | skyreels_a1.pre_process_lmk3d:face_crop:49 - Test Face Crop: bbox: [541.3437   69.00969 664.60925 248.00967]
2025-03-03 08:23:47.727 | UNIT_DEBUG | skyreels_a1.pre_process_lmk3d:face_crop:49 - Test Face Crop: bbox: [549.60254  73.6455  672.3874  246.17783]
2025-03-03 08:23:47.829 | UNIT_DEBUG | skyreels_a1.pre_process_lmk3d:face_crop:49 - Test Face Crop: bbox: [339.44247  67.0717  493.0356  264.7709 ]
2025-03-03 08:30:43.429 | UNIT_DEBUG | __main__:customize_loguru_logger:39 - This is a unit test debug message.
2025-03-03 08:30:47.333 | UNIT_DEBUG | skyreels_a1.pre_process_lmk3d:face_crop:49 - Test Face Crop: bbox: [566.2965    74.125694 691.44055  249.81537 ]
2025-03-03 08:30:47.375 | UNIT_DEBUG | skyreels_a1.pre_process_lmk3d:face_crop:49 - Test Face Crop: bbox: [566.2965    74.125694 691.44055  249.81537 ]
2025-03-03 08:30:47.413 | UNIT_DEBUG | skyreels_a1.pre_process_lmk3d:face_crop:49 - Test Face Crop: bbox: [555.29376  73.48716 680.4181  248.24088]
2025-03-03 08:30:47.451 | UNIT_DEBUG | skyreels_a1.pre_process_lmk3d:face_crop:49 - Test Face Crop: bbox: [542.99457  72.94956 667.9305  248.58977]
2025-03-03 08:30:47.489 | UNIT_DEBUG | skyreels_a1.pre_process_lmk3d:face_crop:49 - Test Face Crop: bbox: [532.86084  72.76496 660.6102  252.50842]
2025-03-03 08:30:47.536 | UNIT_DEBUG | skyreels_a1.pre_process_lmk3d:face_crop:49 - Test Face Crop: bbox: [525.19006   73.392975 652.80566  249.03168 ]
2025-03-03 08:30:47.586 | UNIT_DEBUG | skyreels_a1.pre_process_lmk3d:face_crop:49 - Test Face Crop: bbox: [519.5087   71.20155 647.28406 249.11081]
2025-03-03 08:30:47.624 | UNIT_DEBUG | skyreels_a1.pre_process_lmk3d:face_crop:49 - Test Face Crop: bbox: [516.65814  71.54505 644.0715  247.93517]
2025-03-03 08:30:47.661 | UNIT_DEBUG | skyreels_a1.pre_process_lmk3d:face_crop:49 - Test Face Crop: bbox: [514.0631   70.83359 640.79126 245.4549 ]
2025-03-03 08:30:47.698 | UNIT_DEBUG | skyreels_a1.pre_process_lmk3d:face_crop:49 - Test Face Crop: bbox: [513.08887  71.61162 638.98    243.97028]
2025-03-03 08:30:47.736 | UNIT_DEBUG | skyreels_a1.pre_process_lmk3d:face_crop:49 - Test Face Crop: bbox: [513.38837  70.72395 639.6438  246.92473]
2025-03-03 08:30:47.773 | UNIT_DEBUG | skyreels_a1.pre_process_lmk3d:face_crop:49 - Test Face Crop: bbox: [514.4654   70.32089 640.4766  247.01395]
2025-03-03 08:30:47.811 | UNIT_DEBUG | skyreels_a1.pre_process_lmk3d:face_crop:49 - Test Face Crop: bbox: [517.79144  70.04769 644.1558  251.25272]
2025-03-03 08:30:47.848 | UNIT_DEBUG | skyreels_a1.pre_process_lmk3d:face_crop:49 - Test Face Crop: bbox: [527.3059   69.66473 652.29504 250.50336]
2025-03-03 08:30:47.885 | UNIT_DEBUG | skyreels_a1.pre_process_lmk3d:face_crop:49 - Test Face Crop: bbox: [535.26056  70.04374 659.89606 249.61829]
2025-03-03 08:30:47.922 | UNIT_DEBUG | skyreels_a1.pre_process_lmk3d:face_crop:49 - Test Face Crop: bbox: [546.12866   71.670044 668.1666   247.96277 ]
2025-03-03 08:30:47.960 | UNIT_DEBUG | skyreels_a1.pre_process_lmk3d:face_crop:49 - Test Face Crop: bbox: [555.3511   74.14814 677.73627 248.91313]
2025-03-03 08:30:47.997 | UNIT_DEBUG | skyreels_a1.pre_process_lmk3d:face_crop:49 - Test Face Crop: bbox: [560.6923   72.7094  685.05914 247.39932]
2025-03-03 08:30:48.034 | UNIT_DEBUG | skyreels_a1.pre_process_lmk3d:face_crop:49 - Test Face Crop: bbox: [565.38477  72.00833 689.6333  245.31593]
2025-03-03 08:30:48.072 | UNIT_DEBUG | skyreels_a1.pre_process_lmk3d:face_crop:49 - Test Face Crop: bbox: [569.37634  73.26118 692.7027  245.3804 ]
2025-03-03 08:30:48.109 | UNIT_DEBUG | skyreels_a1.pre_process_lmk3d:face_crop:49 - Test Face Crop: bbox: [573.07104  72.92671 696.5085  247.13104]
2025-03-03 08:30:48.146 | UNIT_DEBUG | skyreels_a1.pre_process_lmk3d:face_crop:49 - Test Face Crop: bbox: [577.2107   73.35269 701.06104 250.95102]
2025-03-03 08:30:48.184 | UNIT_DEBUG | skyreels_a1.pre_process_lmk3d:face_crop:49 - Test Face Crop: bbox: [580.3701    72.475204 705.3231   251.79282 ]
2025-03-03 08:30:48.224 | UNIT_DEBUG | skyreels_a1.pre_process_lmk3d:face_crop:49 - Test Face Crop: bbox: [582.6124   72.92212 708.12134 254.33643]
2025-03-03 08:30:48.269 | UNIT_DEBUG | skyreels_a1.pre_process_lmk3d:face_crop:49 - Test Face Crop: bbox: [584.1551   73.59211 710.6918  258.2328 ]
2025-03-03 08:30:48.311 | UNIT_DEBUG | skyreels_a1.pre_process_lmk3d:face_crop:49 - Test Face Crop: bbox: [584.6817    71.947365 712.34766  254.15778 ]
2025-03-03 08:30:48.351 | UNIT_DEBUG | skyreels_a1.pre_process_lmk3d:face_crop:49 - Test Face Crop: bbox: [584.6667   71.97728 711.31195 254.02515]
2025-03-03 08:30:48.391 | UNIT_DEBUG | skyreels_a1.pre_process_lmk3d:face_crop:49 - Test Face Crop: bbox: [583.5497   70.26647 710.42786 248.70715]
2025-03-03 08:30:48.433 | UNIT_DEBUG | skyreels_a1.pre_process_lmk3d:face_crop:49 - Test Face Crop: bbox: [581.5189   67.71452 705.7383  242.22784]
2025-03-03 08:30:48.475 | UNIT_DEBUG | skyreels_a1.pre_process_lmk3d:face_crop:49 - Test Face Crop: bbox: [578.64526  64.02758 702.3263  240.1548 ]
2025-03-03 08:30:48.515 | UNIT_DEBUG | skyreels_a1.pre_process_lmk3d:face_crop:49 - Test Face Crop: bbox: [576.6728    63.907974 698.8146   243.76933 ]
2025-03-03 08:30:48.555 | UNIT_DEBUG | skyreels_a1.pre_process_lmk3d:face_crop:49 - Test Face Crop: bbox: [570.20215  61.86093 693.3321  242.75461]
2025-03-03 08:30:48.597 | UNIT_DEBUG | skyreels_a1.pre_process_lmk3d:face_crop:49 - Test Face Crop: bbox: [560.90576   57.511612 683.9454   232.73566 ]
2025-03-03 08:30:48.638 | UNIT_DEBUG | skyreels_a1.pre_process_lmk3d:face_crop:49 - Test Face Crop: bbox: [552.67737   60.150116 676.3321   230.79623 ]
2025-03-03 08:30:48.678 | UNIT_DEBUG | skyreels_a1.pre_process_lmk3d:face_crop:49 - Test Face Crop: bbox: [547.3675    59.493576 670.8007   232.71898 ]
2025-03-03 08:30:48.718 | UNIT_DEBUG | skyreels_a1.pre_process_lmk3d:face_crop:49 - Test Face Crop: bbox: [542.8539    60.836563 665.9411   236.52835 ]
2025-03-03 08:30:48.758 | UNIT_DEBUG | skyreels_a1.pre_process_lmk3d:face_crop:49 - Test Face Crop: bbox: [536.91907   62.839195 663.61     242.33316 ]
2025-03-03 08:30:48.799 | UNIT_DEBUG | skyreels_a1.pre_process_lmk3d:face_crop:49 - Test Face Crop: bbox: [528.75574  64.1121  655.81525 245.16785]
2025-03-03 08:30:48.843 | UNIT_DEBUG | skyreels_a1.pre_process_lmk3d:face_crop:49 - Test Face Crop: bbox: [523.019    66.971   650.01324 245.26544]
2025-03-03 08:30:48.884 | UNIT_DEBUG | skyreels_a1.pre_process_lmk3d:face_crop:49 - Test Face Crop: bbox: [519.4272   67.5136  647.5375  245.33557]
2025-03-03 08:30:48.928 | UNIT_DEBUG | skyreels_a1.pre_process_lmk3d:face_crop:49 - Test Face Crop: bbox: [518.6282   67.6407  646.24646 245.5766 ]
2025-03-03 08:30:48.969 | UNIT_DEBUG | skyreels_a1.pre_process_lmk3d:face_crop:49 - Test Face Crop: bbox: [518.74677   67.052895 646.4416   244.9856  ]
2025-03-03 08:30:49.010 | UNIT_DEBUG | skyreels_a1.pre_process_lmk3d:face_crop:49 - Test Face Crop: bbox: [520.2204   66.22029 647.51526 242.9888 ]
2025-03-03 08:30:49.053 | UNIT_DEBUG | skyreels_a1.pre_process_lmk3d:face_crop:49 - Test Face Crop: bbox: [522.7244    64.949715 649.53     246.29689 ]
2025-03-03 08:30:49.093 | UNIT_DEBUG | skyreels_a1.pre_process_lmk3d:face_crop:49 - Test Face Crop: bbox: [527.0755   63.75714 653.00903 246.49689]
2025-03-03 08:30:49.134 | UNIT_DEBUG | skyreels_a1.pre_process_lmk3d:face_crop:49 - Test Face Crop: bbox: [532.24963   66.927284 658.02234  248.53558 ]
2025-03-03 08:30:49.171 | UNIT_DEBUG | skyreels_a1.pre_process_lmk3d:face_crop:49 - Test Face Crop: bbox: [541.3437   69.00969 664.60925 248.00967]
2025-03-03 08:30:49.209 | UNIT_DEBUG | skyreels_a1.pre_process_lmk3d:face_crop:49 - Test Face Crop: bbox: [549.60254  73.6455  672.3874  246.17783]
2025-03-03 08:30:49.305 | UNIT_DEBUG | skyreels_a1.pre_process_lmk3d:face_crop:49 - Test Face Crop: bbox: [260.37097  59.77024 425.61646 285.20358]
2025-03-03 08:34:49.764 | UNIT_DEBUG | __main__:customize_loguru_logger:39 - This is a unit test debug message.
2025-03-03 08:34:54.128 | UNIT_DEBUG | skyreels_a1.pre_process_lmk3d:face_crop:49 - Test Face Crop: bbox: [566.2965    74.125694 691.44055  249.81537 ]
2025-03-03 08:34:54.165 | UNIT_DEBUG | skyreels_a1.pre_process_lmk3d:face_crop:49 - Test Face Crop: bbox: [566.2965    74.125694 691.44055  249.81537 ]
2025-03-03 08:34:54.203 | UNIT_DEBUG | skyreels_a1.pre_process_lmk3d:face_crop:49 - Test Face Crop: bbox: [555.29376  73.48716 680.4181  248.24088]
2025-03-03 08:34:54.240 | UNIT_DEBUG | skyreels_a1.pre_process_lmk3d:face_crop:49 - Test Face Crop: bbox: [542.99457  72.94956 667.9305  248.58977]
2025-03-03 08:34:54.277 | UNIT_DEBUG | skyreels_a1.pre_process_lmk3d:face_crop:49 - Test Face Crop: bbox: [532.86084  72.76496 660.6102  252.50842]
2025-03-03 08:34:54.314 | UNIT_DEBUG | skyreels_a1.pre_process_lmk3d:face_crop:49 - Test Face Crop: bbox: [525.19006   73.392975 652.80566  249.03168 ]
2025-03-03 08:34:54.351 | UNIT_DEBUG | skyreels_a1.pre_process_lmk3d:face_crop:49 - Test Face Crop: bbox: [519.5087   71.20155 647.28406 249.11081]
2025-03-03 08:34:54.388 | UNIT_DEBUG | skyreels_a1.pre_process_lmk3d:face_crop:49 - Test Face Crop: bbox: [516.65814  71.54505 644.0715  247.93517]
2025-03-03 08:34:54.425 | UNIT_DEBUG | skyreels_a1.pre_process_lmk3d:face_crop:49 - Test Face Crop: bbox: [514.0631   70.83359 640.79126 245.4549 ]
2025-03-03 08:34:54.462 | UNIT_DEBUG | skyreels_a1.pre_process_lmk3d:face_crop:49 - Test Face Crop: bbox: [513.08887  71.61162 638.98    243.97028]
2025-03-03 08:34:54.499 | UNIT_DEBUG | skyreels_a1.pre_process_lmk3d:face_crop:49 - Test Face Crop: bbox: [513.38837  70.72395 639.6438  246.92473]
2025-03-03 08:34:54.557 | UNIT_DEBUG | skyreels_a1.pre_process_lmk3d:face_crop:49 - Test Face Crop: bbox: [514.4654   70.32089 640.4766  247.01395]
2025-03-03 08:34:54.594 | UNIT_DEBUG | skyreels_a1.pre_process_lmk3d:face_crop:49 - Test Face Crop: bbox: [517.79144  70.04769 644.1558  251.25272]
2025-03-03 08:34:54.631 | UNIT_DEBUG | skyreels_a1.pre_process_lmk3d:face_crop:49 - Test Face Crop: bbox: [527.3059   69.66473 652.29504 250.50336]
2025-03-03 08:34:54.668 | UNIT_DEBUG | skyreels_a1.pre_process_lmk3d:face_crop:49 - Test Face Crop: bbox: [535.26056  70.04374 659.89606 249.61829]
2025-03-03 08:34:54.704 | UNIT_DEBUG | skyreels_a1.pre_process_lmk3d:face_crop:49 - Test Face Crop: bbox: [546.12866   71.670044 668.1666   247.96277 ]
2025-03-03 08:34:54.741 | UNIT_DEBUG | skyreels_a1.pre_process_lmk3d:face_crop:49 - Test Face Crop: bbox: [555.3511   74.14814 677.73627 248.91313]
2025-03-03 08:34:54.778 | UNIT_DEBUG | skyreels_a1.pre_process_lmk3d:face_crop:49 - Test Face Crop: bbox: [560.6923   72.7094  685.05914 247.39932]
2025-03-03 08:34:54.815 | UNIT_DEBUG | skyreels_a1.pre_process_lmk3d:face_crop:49 - Test Face Crop: bbox: [565.38477  72.00833 689.6333  245.31593]
2025-03-03 08:34:54.852 | UNIT_DEBUG | skyreels_a1.pre_process_lmk3d:face_crop:49 - Test Face Crop: bbox: [569.37634  73.26118 692.7027  245.3804 ]
2025-03-03 08:34:54.889 | UNIT_DEBUG | skyreels_a1.pre_process_lmk3d:face_crop:49 - Test Face Crop: bbox: [573.07104  72.92671 696.5085  247.13104]
2025-03-03 08:34:54.926 | UNIT_DEBUG | skyreels_a1.pre_process_lmk3d:face_crop:49 - Test Face Crop: bbox: [577.2107   73.35269 701.06104 250.95102]
2025-03-03 08:34:54.962 | UNIT_DEBUG | skyreels_a1.pre_process_lmk3d:face_crop:49 - Test Face Crop: bbox: [580.3701    72.475204 705.3231   251.79282 ]
2025-03-03 08:34:54.999 | UNIT_DEBUG | skyreels_a1.pre_process_lmk3d:face_crop:49 - Test Face Crop: bbox: [582.6124   72.92212 708.12134 254.33643]
2025-03-03 08:34:55.036 | UNIT_DEBUG | skyreels_a1.pre_process_lmk3d:face_crop:49 - Test Face Crop: bbox: [584.1551   73.59211 710.6918  258.2328 ]
2025-03-03 08:34:55.073 | UNIT_DEBUG | skyreels_a1.pre_process_lmk3d:face_crop:49 - Test Face Crop: bbox: [584.6817    71.947365 712.34766  254.15778 ]
2025-03-03 08:34:55.110 | UNIT_DEBUG | skyreels_a1.pre_process_lmk3d:face_crop:49 - Test Face Crop: bbox: [584.6667   71.97728 711.31195 254.02515]
2025-03-03 08:34:55.147 | UNIT_DEBUG | skyreels_a1.pre_process_lmk3d:face_crop:49 - Test Face Crop: bbox: [583.5497   70.26647 710.42786 248.70715]
2025-03-03 08:34:55.184 | UNIT_DEBUG | skyreels_a1.pre_process_lmk3d:face_crop:49 - Test Face Crop: bbox: [581.5189   67.71452 705.7383  242.22784]
2025-03-03 08:34:55.220 | UNIT_DEBUG | skyreels_a1.pre_process_lmk3d:face_crop:49 - Test Face Crop: bbox: [578.64526  64.02758 702.3263  240.1548 ]
2025-03-03 08:34:55.257 | UNIT_DEBUG | skyreels_a1.pre_process_lmk3d:face_crop:49 - Test Face Crop: bbox: [576.6728    63.907974 698.8146   243.76933 ]
2025-03-03 08:34:55.294 | UNIT_DEBUG | skyreels_a1.pre_process_lmk3d:face_crop:49 - Test Face Crop: bbox: [570.20215  61.86093 693.3321  242.75461]
2025-03-03 08:34:55.331 | UNIT_DEBUG | skyreels_a1.pre_process_lmk3d:face_crop:49 - Test Face Crop: bbox: [560.90576   57.511612 683.9454   232.73566 ]
2025-03-03 08:34:55.368 | UNIT_DEBUG | skyreels_a1.pre_process_lmk3d:face_crop:49 - Test Face Crop: bbox: [552.67737   60.150116 676.3321   230.79623 ]
2025-03-03 08:34:55.405 | UNIT_DEBUG | skyreels_a1.pre_process_lmk3d:face_crop:49 - Test Face Crop: bbox: [547.3675    59.493576 670.8007   232.71898 ]
2025-03-03 08:34:55.442 | UNIT_DEBUG | skyreels_a1.pre_process_lmk3d:face_crop:49 - Test Face Crop: bbox: [542.8539    60.836563 665.9411   236.52835 ]
2025-03-03 08:34:55.478 | UNIT_DEBUG | skyreels_a1.pre_process_lmk3d:face_crop:49 - Test Face Crop: bbox: [536.91907   62.839195 663.61     242.33316 ]
2025-03-03 08:34:55.515 | UNIT_DEBUG | skyreels_a1.pre_process_lmk3d:face_crop:49 - Test Face Crop: bbox: [528.75574  64.1121  655.81525 245.16785]
2025-03-03 08:34:55.552 | UNIT_DEBUG | skyreels_a1.pre_process_lmk3d:face_crop:49 - Test Face Crop: bbox: [523.019    66.971   650.01324 245.26544]
2025-03-03 08:34:55.589 | UNIT_DEBUG | skyreels_a1.pre_process_lmk3d:face_crop:49 - Test Face Crop: bbox: [519.4272   67.5136  647.5375  245.33557]
2025-03-03 08:34:55.626 | UNIT_DEBUG | skyreels_a1.pre_process_lmk3d:face_crop:49 - Test Face Crop: bbox: [518.6282   67.6407  646.24646 245.5766 ]
2025-03-03 08:34:55.662 | UNIT_DEBUG | skyreels_a1.pre_process_lmk3d:face_crop:49 - Test Face Crop: bbox: [518.74677   67.052895 646.4416   244.9856  ]
2025-03-03 08:34:55.699 | UNIT_DEBUG | skyreels_a1.pre_process_lmk3d:face_crop:49 - Test Face Crop: bbox: [520.2204   66.22029 647.51526 242.9888 ]
2025-03-03 08:34:55.736 | UNIT_DEBUG | skyreels_a1.pre_process_lmk3d:face_crop:49 - Test Face Crop: bbox: [522.7244    64.949715 649.53     246.29689 ]
2025-03-03 08:34:55.773 | UNIT_DEBUG | skyreels_a1.pre_process_lmk3d:face_crop:49 - Test Face Crop: bbox: [527.0755   63.75714 653.00903 246.49689]
2025-03-03 08:34:55.810 | UNIT_DEBUG | skyreels_a1.pre_process_lmk3d:face_crop:49 - Test Face Crop: bbox: [532.24963   66.927284 658.02234  248.53558 ]
2025-03-03 08:34:55.846 | UNIT_DEBUG | skyreels_a1.pre_process_lmk3d:face_crop:49 - Test Face Crop: bbox: [541.3437   69.00969 664.60925 248.00967]
2025-03-03 08:34:55.883 | UNIT_DEBUG | skyreels_a1.pre_process_lmk3d:face_crop:49 - Test Face Crop: bbox: [549.60254  73.6455  672.3874  246.17783]
2025-03-03 08:34:55.988 | UNIT_DEBUG | skyreels_a1.pre_process_lmk3d:face_crop:49 - Test Face Crop: bbox: [339.44247  67.0717  493.0356  264.7709 ]
2025-03-03 08:42:05.404 | UNIT_DEBUG | __main__:customize_loguru_logger:39 - This is a unit test debug message.
2025-03-03 08:42:10.037 | UNIT_DEBUG | skyreels_a1.pre_process_lmk3d:face_crop:49 - Test Face Crop: bbox: [566.2965    74.125694 691.44055  249.81537 ]
2025-03-03 08:42:10.075 | UNIT_DEBUG | skyreels_a1.pre_process_lmk3d:face_crop:49 - Test Face Crop: bbox: [566.2965    74.125694 691.44055  249.81537 ]
2025-03-03 08:42:10.112 | UNIT_DEBUG | skyreels_a1.pre_process_lmk3d:face_crop:49 - Test Face Crop: bbox: [555.29376  73.48716 680.4181  248.24088]
2025-03-03 08:42:10.149 | UNIT_DEBUG | skyreels_a1.pre_process_lmk3d:face_crop:49 - Test Face Crop: bbox: [542.99457  72.94956 667.9305  248.58977]
2025-03-03 08:42:10.186 | UNIT_DEBUG | skyreels_a1.pre_process_lmk3d:face_crop:49 - Test Face Crop: bbox: [532.86084  72.76496 660.6102  252.50842]
2025-03-03 08:42:10.223 | UNIT_DEBUG | skyreels_a1.pre_process_lmk3d:face_crop:49 - Test Face Crop: bbox: [525.19006   73.392975 652.80566  249.03168 ]
2025-03-03 08:42:10.260 | UNIT_DEBUG | skyreels_a1.pre_process_lmk3d:face_crop:49 - Test Face Crop: bbox: [519.5087   71.20155 647.28406 249.11081]
2025-03-03 08:42:10.296 | UNIT_DEBUG | skyreels_a1.pre_process_lmk3d:face_crop:49 - Test Face Crop: bbox: [516.65814  71.54505 644.0715  247.93517]
2025-03-03 08:42:10.333 | UNIT_DEBUG | skyreels_a1.pre_process_lmk3d:face_crop:49 - Test Face Crop: bbox: [514.0631   70.83359 640.79126 245.4549 ]
2025-03-03 08:42:10.370 | UNIT_DEBUG | skyreels_a1.pre_process_lmk3d:face_crop:49 - Test Face Crop: bbox: [513.08887  71.61162 638.98    243.97028]
2025-03-03 08:42:10.407 | UNIT_DEBUG | skyreels_a1.pre_process_lmk3d:face_crop:49 - Test Face Crop: bbox: [513.38837  70.72395 639.6438  246.92473]
2025-03-03 08:42:10.450 | UNIT_DEBUG | skyreels_a1.pre_process_lmk3d:face_crop:49 - Test Face Crop: bbox: [514.4654   70.32089 640.4766  247.01395]
2025-03-03 08:42:10.494 | UNIT_DEBUG | skyreels_a1.pre_process_lmk3d:face_crop:49 - Test Face Crop: bbox: [517.79144  70.04769 644.1558  251.25272]
2025-03-03 08:42:10.530 | UNIT_DEBUG | skyreels_a1.pre_process_lmk3d:face_crop:49 - Test Face Crop: bbox: [527.3059   69.66473 652.29504 250.50336]
2025-03-03 08:42:10.567 | UNIT_DEBUG | skyreels_a1.pre_process_lmk3d:face_crop:49 - Test Face Crop: bbox: [535.26056  70.04374 659.89606 249.61829]
2025-03-03 08:42:10.603 | UNIT_DEBUG | skyreels_a1.pre_process_lmk3d:face_crop:49 - Test Face Crop: bbox: [546.12866   71.670044 668.1666   247.96277 ]
2025-03-03 08:42:10.640 | UNIT_DEBUG | skyreels_a1.pre_process_lmk3d:face_crop:49 - Test Face Crop: bbox: [555.3511   74.14814 677.73627 248.91313]
2025-03-03 08:42:10.676 | UNIT_DEBUG | skyreels_a1.pre_process_lmk3d:face_crop:49 - Test Face Crop: bbox: [560.6923   72.7094  685.05914 247.39932]
2025-03-03 08:42:10.713 | UNIT_DEBUG | skyreels_a1.pre_process_lmk3d:face_crop:49 - Test Face Crop: bbox: [565.38477  72.00833 689.6333  245.31593]
2025-03-03 08:42:10.749 | UNIT_DEBUG | skyreels_a1.pre_process_lmk3d:face_crop:49 - Test Face Crop: bbox: [569.37634  73.26118 692.7027  245.3804 ]
2025-03-03 08:42:10.785 | UNIT_DEBUG | skyreels_a1.pre_process_lmk3d:face_crop:49 - Test Face Crop: bbox: [573.07104  72.92671 696.5085  247.13104]
2025-03-03 08:42:10.822 | UNIT_DEBUG | skyreels_a1.pre_process_lmk3d:face_crop:49 - Test Face Crop: bbox: [577.2107   73.35269 701.06104 250.95102]
2025-03-03 08:42:10.858 | UNIT_DEBUG | skyreels_a1.pre_process_lmk3d:face_crop:49 - Test Face Crop: bbox: [580.3701    72.475204 705.3231   251.79282 ]
2025-03-03 08:42:10.895 | UNIT_DEBUG | skyreels_a1.pre_process_lmk3d:face_crop:49 - Test Face Crop: bbox: [582.6124   72.92212 708.12134 254.33643]
2025-03-03 08:42:10.931 | UNIT_DEBUG | skyreels_a1.pre_process_lmk3d:face_crop:49 - Test Face Crop: bbox: [584.1551   73.59211 710.6918  258.2328 ]
2025-03-03 08:42:10.968 | UNIT_DEBUG | skyreels_a1.pre_process_lmk3d:face_crop:49 - Test Face Crop: bbox: [584.6817    71.947365 712.34766  254.15778 ]
2025-03-03 08:42:11.004 | UNIT_DEBUG | skyreels_a1.pre_process_lmk3d:face_crop:49 - Test Face Crop: bbox: [584.6667   71.97728 711.31195 254.02515]
2025-03-03 08:42:11.041 | UNIT_DEBUG | skyreels_a1.pre_process_lmk3d:face_crop:49 - Test Face Crop: bbox: [583.5497   70.26647 710.42786 248.70715]
2025-03-03 08:42:11.077 | UNIT_DEBUG | skyreels_a1.pre_process_lmk3d:face_crop:49 - Test Face Crop: bbox: [581.5189   67.71452 705.7383  242.22784]
2025-03-03 08:42:11.114 | UNIT_DEBUG | skyreels_a1.pre_process_lmk3d:face_crop:49 - Test Face Crop: bbox: [578.64526  64.02758 702.3263  240.1548 ]
2025-03-03 08:42:11.150 | UNIT_DEBUG | skyreels_a1.pre_process_lmk3d:face_crop:49 - Test Face Crop: bbox: [576.6728    63.907974 698.8146   243.76933 ]
2025-03-03 08:42:11.187 | UNIT_DEBUG | skyreels_a1.pre_process_lmk3d:face_crop:49 - Test Face Crop: bbox: [570.20215  61.86093 693.3321  242.75461]
2025-03-03 08:42:11.223 | UNIT_DEBUG | skyreels_a1.pre_process_lmk3d:face_crop:49 - Test Face Crop: bbox: [560.90576   57.511612 683.9454   232.73566 ]
2025-03-03 08:42:11.260 | UNIT_DEBUG | skyreels_a1.pre_process_lmk3d:face_crop:49 - Test Face Crop: bbox: [552.67737   60.150116 676.3321   230.79623 ]
2025-03-03 08:42:11.296 | UNIT_DEBUG | skyreels_a1.pre_process_lmk3d:face_crop:49 - Test Face Crop: bbox: [547.3675    59.493576 670.8007   232.71898 ]
2025-03-03 08:42:11.333 | UNIT_DEBUG | skyreels_a1.pre_process_lmk3d:face_crop:49 - Test Face Crop: bbox: [542.8539    60.836563 665.9411   236.52835 ]
2025-03-03 08:42:11.369 | UNIT_DEBUG | skyreels_a1.pre_process_lmk3d:face_crop:49 - Test Face Crop: bbox: [536.91907   62.839195 663.61     242.33316 ]
2025-03-03 08:42:11.406 | UNIT_DEBUG | skyreels_a1.pre_process_lmk3d:face_crop:49 - Test Face Crop: bbox: [528.75574  64.1121  655.81525 245.16785]
2025-03-03 08:42:11.442 | UNIT_DEBUG | skyreels_a1.pre_process_lmk3d:face_crop:49 - Test Face Crop: bbox: [523.019    66.971   650.01324 245.26544]
2025-03-03 08:42:11.480 | UNIT_DEBUG | skyreels_a1.pre_process_lmk3d:face_crop:49 - Test Face Crop: bbox: [519.4272   67.5136  647.5375  245.33557]
2025-03-03 08:42:11.516 | UNIT_DEBUG | skyreels_a1.pre_process_lmk3d:face_crop:49 - Test Face Crop: bbox: [518.6282   67.6407  646.24646 245.5766 ]
2025-03-03 08:42:11.552 | UNIT_DEBUG | skyreels_a1.pre_process_lmk3d:face_crop:49 - Test Face Crop: bbox: [518.74677   67.052895 646.4416   244.9856  ]
2025-03-03 08:42:11.590 | UNIT_DEBUG | skyreels_a1.pre_process_lmk3d:face_crop:49 - Test Face Crop: bbox: [520.2204   66.22029 647.51526 242.9888 ]
2025-03-03 08:42:11.626 | UNIT_DEBUG | skyreels_a1.pre_process_lmk3d:face_crop:49 - Test Face Crop: bbox: [522.7244    64.949715 649.53     246.29689 ]
2025-03-03 08:42:11.663 | UNIT_DEBUG | skyreels_a1.pre_process_lmk3d:face_crop:49 - Test Face Crop: bbox: [527.0755   63.75714 653.00903 246.49689]
2025-03-03 08:42:11.700 | UNIT_DEBUG | skyreels_a1.pre_process_lmk3d:face_crop:49 - Test Face Crop: bbox: [532.24963   66.927284 658.02234  248.53558 ]
2025-03-03 08:42:11.736 | UNIT_DEBUG | skyreels_a1.pre_process_lmk3d:face_crop:49 - Test Face Crop: bbox: [541.3437   69.00969 664.60925 248.00967]
2025-03-03 08:42:11.773 | UNIT_DEBUG | skyreels_a1.pre_process_lmk3d:face_crop:49 - Test Face Crop: bbox: [549.60254  73.6455  672.3874  246.17783]
2025-03-03 08:42:11.864 | UNIT_DEBUG | skyreels_a1.pre_process_lmk3d:face_crop:49 - Test Face Crop: bbox: [339.44247  67.0717  493.0356  264.7709 ]
2025-03-03 08:45:54.755 | UNIT_DEBUG | __main__:customize_loguru_logger:39 - This is a unit test debug message.
2025-03-03 08:45:59.080 | UNIT_DEBUG | skyreels_a1.pre_process_lmk3d:face_crop:49 - Test Face Crop: bbox: [566.2965    74.125694 691.44055  249.81537 ]
2025-03-03 08:45:59.117 | UNIT_DEBUG | skyreels_a1.pre_process_lmk3d:face_crop:49 - Test Face Crop: bbox: [566.2965    74.125694 691.44055  249.81537 ]
2025-03-03 08:45:59.153 | UNIT_DEBUG | skyreels_a1.pre_process_lmk3d:face_crop:49 - Test Face Crop: bbox: [555.29376  73.48716 680.4181  248.24088]
2025-03-03 08:45:59.190 | UNIT_DEBUG | skyreels_a1.pre_process_lmk3d:face_crop:49 - Test Face Crop: bbox: [542.99457  72.94956 667.9305  248.58977]
2025-03-03 08:45:59.226 | UNIT_DEBUG | skyreels_a1.pre_process_lmk3d:face_crop:49 - Test Face Crop: bbox: [532.86084  72.76496 660.6102  252.50842]
2025-03-03 08:45:59.263 | UNIT_DEBUG | skyreels_a1.pre_process_lmk3d:face_crop:49 - Test Face Crop: bbox: [525.19006   73.392975 652.80566  249.03168 ]
2025-03-03 08:45:59.300 | UNIT_DEBUG | skyreels_a1.pre_process_lmk3d:face_crop:49 - Test Face Crop: bbox: [519.5087   71.20155 647.28406 249.11081]
2025-03-03 08:45:59.349 | UNIT_DEBUG | skyreels_a1.pre_process_lmk3d:face_crop:49 - Test Face Crop: bbox: [516.65814  71.54505 644.0715  247.93517]
2025-03-03 08:45:59.386 | UNIT_DEBUG | skyreels_a1.pre_process_lmk3d:face_crop:49 - Test Face Crop: bbox: [514.0631   70.83359 640.79126 245.4549 ]
2025-03-03 08:45:59.423 | UNIT_DEBUG | skyreels_a1.pre_process_lmk3d:face_crop:49 - Test Face Crop: bbox: [513.08887  71.61162 638.98    243.97028]
2025-03-03 08:45:59.459 | UNIT_DEBUG | skyreels_a1.pre_process_lmk3d:face_crop:49 - Test Face Crop: bbox: [513.38837  70.72395 639.6438  246.92473]
2025-03-03 08:45:59.496 | UNIT_DEBUG | skyreels_a1.pre_process_lmk3d:face_crop:49 - Test Face Crop: bbox: [514.4654   70.32089 640.4766  247.01395]
2025-03-03 08:45:59.533 | UNIT_DEBUG | skyreels_a1.pre_process_lmk3d:face_crop:49 - Test Face Crop: bbox: [517.79144  70.04769 644.1558  251.25272]
2025-03-03 08:45:59.569 | UNIT_DEBUG | skyreels_a1.pre_process_lmk3d:face_crop:49 - Test Face Crop: bbox: [527.3059   69.66473 652.29504 250.50336]
2025-03-03 08:45:59.606 | UNIT_DEBUG | skyreels_a1.pre_process_lmk3d:face_crop:49 - Test Face Crop: bbox: [535.26056  70.04374 659.89606 249.61829]
2025-03-03 08:45:59.642 | UNIT_DEBUG | skyreels_a1.pre_process_lmk3d:face_crop:49 - Test Face Crop: bbox: [546.12866   71.670044 668.1666   247.96277 ]
2025-03-03 08:45:59.679 | UNIT_DEBUG | skyreels_a1.pre_process_lmk3d:face_crop:49 - Test Face Crop: bbox: [555.3511   74.14814 677.73627 248.91313]
2025-03-03 08:45:59.716 | UNIT_DEBUG | skyreels_a1.pre_process_lmk3d:face_crop:49 - Test Face Crop: bbox: [560.6923   72.7094  685.05914 247.39932]
2025-03-03 08:45:59.752 | UNIT_DEBUG | skyreels_a1.pre_process_lmk3d:face_crop:49 - Test Face Crop: bbox: [565.38477  72.00833 689.6333  245.31593]
2025-03-03 08:45:59.789 | UNIT_DEBUG | skyreels_a1.pre_process_lmk3d:face_crop:49 - Test Face Crop: bbox: [569.37634  73.26118 692.7027  245.3804 ]
2025-03-03 08:45:59.825 | UNIT_DEBUG | skyreels_a1.pre_process_lmk3d:face_crop:49 - Test Face Crop: bbox: [573.07104  72.92671 696.5085  247.13104]
2025-03-03 08:45:59.862 | UNIT_DEBUG | skyreels_a1.pre_process_lmk3d:face_crop:49 - Test Face Crop: bbox: [577.2107   73.35269 701.06104 250.95102]
2025-03-03 08:45:59.899 | UNIT_DEBUG | skyreels_a1.pre_process_lmk3d:face_crop:49 - Test Face Crop: bbox: [580.3701    72.475204 705.3231   251.79282 ]
2025-03-03 08:45:59.947 | UNIT_DEBUG | skyreels_a1.pre_process_lmk3d:face_crop:49 - Test Face Crop: bbox: [582.6124   72.92212 708.12134 254.33643]
2025-03-03 08:45:59.994 | UNIT_DEBUG | skyreels_a1.pre_process_lmk3d:face_crop:49 - Test Face Crop: bbox: [584.1551   73.59211 710.6918  258.2328 ]
2025-03-03 08:46:00.031 | UNIT_DEBUG | skyreels_a1.pre_process_lmk3d:face_crop:49 - Test Face Crop: bbox: [584.6817    71.947365 712.34766  254.15778 ]
2025-03-03 08:46:00.067 | UNIT_DEBUG | skyreels_a1.pre_process_lmk3d:face_crop:49 - Test Face Crop: bbox: [584.6667   71.97728 711.31195 254.02515]
2025-03-03 08:46:00.104 | UNIT_DEBUG | skyreels_a1.pre_process_lmk3d:face_crop:49 - Test Face Crop: bbox: [583.5497   70.26647 710.42786 248.70715]
2025-03-03 08:46:00.140 | UNIT_DEBUG | skyreels_a1.pre_process_lmk3d:face_crop:49 - Test Face Crop: bbox: [581.5189   67.71452 705.7383  242.22784]
2025-03-03 08:46:00.177 | UNIT_DEBUG | skyreels_a1.pre_process_lmk3d:face_crop:49 - Test Face Crop: bbox: [578.64526  64.02758 702.3263  240.1548 ]
2025-03-03 08:46:00.214 | UNIT_DEBUG | skyreels_a1.pre_process_lmk3d:face_crop:49 - Test Face Crop: bbox: [576.6728    63.907974 698.8146   243.76933 ]
2025-03-03 08:46:00.250 | UNIT_DEBUG | skyreels_a1.pre_process_lmk3d:face_crop:49 - Test Face Crop: bbox: [570.20215  61.86093 693.3321  242.75461]
2025-03-03 08:46:00.286 | UNIT_DEBUG | skyreels_a1.pre_process_lmk3d:face_crop:49 - Test Face Crop: bbox: [560.90576   57.511612 683.9454   232.73566 ]
2025-03-03 08:46:00.324 | UNIT_DEBUG | skyreels_a1.pre_process_lmk3d:face_crop:49 - Test Face Crop: bbox: [552.67737   60.150116 676.3321   230.79623 ]
2025-03-03 08:46:00.360 | UNIT_DEBUG | skyreels_a1.pre_process_lmk3d:face_crop:49 - Test Face Crop: bbox: [547.3675    59.493576 670.8007   232.71898 ]
2025-03-03 08:46:00.396 | UNIT_DEBUG | skyreels_a1.pre_process_lmk3d:face_crop:49 - Test Face Crop: bbox: [542.8539    60.836563 665.9411   236.52835 ]
2025-03-03 08:46:00.433 | UNIT_DEBUG | skyreels_a1.pre_process_lmk3d:face_crop:49 - Test Face Crop: bbox: [536.91907   62.839195 663.61     242.33316 ]
2025-03-03 08:46:00.469 | UNIT_DEBUG | skyreels_a1.pre_process_lmk3d:face_crop:49 - Test Face Crop: bbox: [528.75574  64.1121  655.81525 245.16785]
2025-03-03 08:46:00.506 | UNIT_DEBUG | skyreels_a1.pre_process_lmk3d:face_crop:49 - Test Face Crop: bbox: [523.019    66.971   650.01324 245.26544]
2025-03-03 08:46:00.542 | UNIT_DEBUG | skyreels_a1.pre_process_lmk3d:face_crop:49 - Test Face Crop: bbox: [519.4272   67.5136  647.5375  245.33557]
2025-03-03 08:46:00.578 | UNIT_DEBUG | skyreels_a1.pre_process_lmk3d:face_crop:49 - Test Face Crop: bbox: [518.6282   67.6407  646.24646 245.5766 ]
2025-03-03 08:46:00.615 | UNIT_DEBUG | skyreels_a1.pre_process_lmk3d:face_crop:49 - Test Face Crop: bbox: [518.74677   67.052895 646.4416   244.9856  ]
2025-03-03 08:46:00.651 | UNIT_DEBUG | skyreels_a1.pre_process_lmk3d:face_crop:49 - Test Face Crop: bbox: [520.2204   66.22029 647.51526 242.9888 ]
2025-03-03 08:46:00.688 | UNIT_DEBUG | skyreels_a1.pre_process_lmk3d:face_crop:49 - Test Face Crop: bbox: [522.7244    64.949715 649.53     246.29689 ]
2025-03-03 08:46:00.724 | UNIT_DEBUG | skyreels_a1.pre_process_lmk3d:face_crop:49 - Test Face Crop: bbox: [527.0755   63.75714 653.00903 246.49689]
2025-03-03 08:46:00.761 | UNIT_DEBUG | skyreels_a1.pre_process_lmk3d:face_crop:49 - Test Face Crop: bbox: [532.24963   66.927284 658.02234  248.53558 ]
2025-03-03 08:46:00.797 | UNIT_DEBUG | skyreels_a1.pre_process_lmk3d:face_crop:49 - Test Face Crop: bbox: [541.3437   69.00969 664.60925 248.00967]
2025-03-03 08:46:00.833 | UNIT_DEBUG | skyreels_a1.pre_process_lmk3d:face_crop:49 - Test Face Crop: bbox: [549.60254  73.6455  672.3874  246.17783]
2025-03-03 08:46:00.943 | UNIT_DEBUG | skyreels_a1.pre_process_lmk3d:face_crop:49 - Test Face Crop: bbox: [339.44247  67.0717  493.0356  264.7709 ]
2025-03-03 08:48:00.839 | UNIT_DEBUG | __main__:customize_loguru_logger:39 - This is a unit test debug message.
2025-03-03 08:48:04.674 | UNIT_DEBUG | skyreels_a1.pre_process_lmk3d:face_crop:49 - Test Face Crop: bbox: [566.2965    74.125694 691.44055  249.81537 ]
2025-03-03 08:48:04.712 | UNIT_DEBUG | skyreels_a1.pre_process_lmk3d:face_crop:49 - Test Face Crop: bbox: [566.2965    74.125694 691.44055  249.81537 ]
2025-03-03 08:48:04.750 | UNIT_DEBUG | skyreels_a1.pre_process_lmk3d:face_crop:49 - Test Face Crop: bbox: [555.29376  73.48716 680.4181  248.24088]
2025-03-03 08:48:04.787 | UNIT_DEBUG | skyreels_a1.pre_process_lmk3d:face_crop:49 - Test Face Crop: bbox: [542.99457  72.94956 667.9305  248.58977]
2025-03-03 08:48:04.824 | UNIT_DEBUG | skyreels_a1.pre_process_lmk3d:face_crop:49 - Test Face Crop: bbox: [532.86084  72.76496 660.6102  252.50842]
2025-03-03 08:48:04.862 | UNIT_DEBUG | skyreels_a1.pre_process_lmk3d:face_crop:49 - Test Face Crop: bbox: [525.19006   73.392975 652.80566  249.03168 ]
2025-03-03 08:48:04.899 | UNIT_DEBUG | skyreels_a1.pre_process_lmk3d:face_crop:49 - Test Face Crop: bbox: [519.5087   71.20155 647.28406 249.11081]
2025-03-03 08:48:04.936 | UNIT_DEBUG | skyreels_a1.pre_process_lmk3d:face_crop:49 - Test Face Crop: bbox: [516.65814  71.54505 644.0715  247.93517]
2025-03-03 08:48:04.973 | UNIT_DEBUG | skyreels_a1.pre_process_lmk3d:face_crop:49 - Test Face Crop: bbox: [514.0631   70.83359 640.79126 245.4549 ]
2025-03-03 08:48:05.011 | UNIT_DEBUG | skyreels_a1.pre_process_lmk3d:face_crop:49 - Test Face Crop: bbox: [513.08887  71.61162 638.98    243.97028]
2025-03-03 08:48:05.048 | UNIT_DEBUG | skyreels_a1.pre_process_lmk3d:face_crop:49 - Test Face Crop: bbox: [513.38837  70.72395 639.6438  246.92473]
2025-03-03 08:48:05.085 | UNIT_DEBUG | skyreels_a1.pre_process_lmk3d:face_crop:49 - Test Face Crop: bbox: [514.4654   70.32089 640.4766  247.01395]
2025-03-03 08:48:05.122 | UNIT_DEBUG | skyreels_a1.pre_process_lmk3d:face_crop:49 - Test Face Crop: bbox: [517.79144  70.04769 644.1558  251.25272]
2025-03-03 08:48:05.159 | UNIT_DEBUG | skyreels_a1.pre_process_lmk3d:face_crop:49 - Test Face Crop: bbox: [527.3059   69.66473 652.29504 250.50336]
2025-03-03 08:48:05.196 | UNIT_DEBUG | skyreels_a1.pre_process_lmk3d:face_crop:49 - Test Face Crop: bbox: [535.26056  70.04374 659.89606 249.61829]
2025-03-03 08:48:05.233 | UNIT_DEBUG | skyreels_a1.pre_process_lmk3d:face_crop:49 - Test Face Crop: bbox: [546.12866   71.670044 668.1666   247.96277 ]
2025-03-03 08:48:05.271 | UNIT_DEBUG | skyreels_a1.pre_process_lmk3d:face_crop:49 - Test Face Crop: bbox: [555.3511   74.14814 677.73627 248.91313]
2025-03-03 08:48:05.308 | UNIT_DEBUG | skyreels_a1.pre_process_lmk3d:face_crop:49 - Test Face Crop: bbox: [560.6923   72.7094  685.05914 247.39932]
2025-03-03 08:48:05.345 | UNIT_DEBUG | skyreels_a1.pre_process_lmk3d:face_crop:49 - Test Face Crop: bbox: [565.38477  72.00833 689.6333  245.31593]
2025-03-03 08:48:05.382 | UNIT_DEBUG | skyreels_a1.pre_process_lmk3d:face_crop:49 - Test Face Crop: bbox: [569.37634  73.26118 692.7027  245.3804 ]
2025-03-03 08:48:05.419 | UNIT_DEBUG | skyreels_a1.pre_process_lmk3d:face_crop:49 - Test Face Crop: bbox: [573.07104  72.92671 696.5085  247.13104]
2025-03-03 08:48:05.456 | UNIT_DEBUG | skyreels_a1.pre_process_lmk3d:face_crop:49 - Test Face Crop: bbox: [577.2107   73.35269 701.06104 250.95102]
2025-03-03 08:48:05.493 | UNIT_DEBUG | skyreels_a1.pre_process_lmk3d:face_crop:49 - Test Face Crop: bbox: [580.3701    72.475204 705.3231   251.79282 ]
2025-03-03 08:48:05.530 | UNIT_DEBUG | skyreels_a1.pre_process_lmk3d:face_crop:49 - Test Face Crop: bbox: [582.6124   72.92212 708.12134 254.33643]
2025-03-03 08:48:05.567 | UNIT_DEBUG | skyreels_a1.pre_process_lmk3d:face_crop:49 - Test Face Crop: bbox: [584.1551   73.59211 710.6918  258.2328 ]
2025-03-03 08:48:05.604 | UNIT_DEBUG | skyreels_a1.pre_process_lmk3d:face_crop:49 - Test Face Crop: bbox: [584.6817    71.947365 712.34766  254.15778 ]
2025-03-03 08:48:05.642 | UNIT_DEBUG | skyreels_a1.pre_process_lmk3d:face_crop:49 - Test Face Crop: bbox: [584.6667   71.97728 711.31195 254.02515]
2025-03-03 08:48:05.679 | UNIT_DEBUG | skyreels_a1.pre_process_lmk3d:face_crop:49 - Test Face Crop: bbox: [583.5497   70.26647 710.42786 248.70715]
2025-03-03 08:48:05.716 | UNIT_DEBUG | skyreels_a1.pre_process_lmk3d:face_crop:49 - Test Face Crop: bbox: [581.5189   67.71452 705.7383  242.22784]
2025-03-03 08:48:05.753 | UNIT_DEBUG | skyreels_a1.pre_process_lmk3d:face_crop:49 - Test Face Crop: bbox: [578.64526  64.02758 702.3263  240.1548 ]
2025-03-03 08:48:05.790 | UNIT_DEBUG | skyreels_a1.pre_process_lmk3d:face_crop:49 - Test Face Crop: bbox: [576.6728    63.907974 698.8146   243.76933 ]
2025-03-03 08:48:05.827 | UNIT_DEBUG | skyreels_a1.pre_process_lmk3d:face_crop:49 - Test Face Crop: bbox: [570.20215  61.86093 693.3321  242.75461]
2025-03-03 08:48:05.864 | UNIT_DEBUG | skyreels_a1.pre_process_lmk3d:face_crop:49 - Test Face Crop: bbox: [560.90576   57.511612 683.9454   232.73566 ]
2025-03-03 08:48:05.901 | UNIT_DEBUG | skyreels_a1.pre_process_lmk3d:face_crop:49 - Test Face Crop: bbox: [552.67737   60.150116 676.3321   230.79623 ]
2025-03-03 08:48:05.939 | UNIT_DEBUG | skyreels_a1.pre_process_lmk3d:face_crop:49 - Test Face Crop: bbox: [547.3675    59.493576 670.8007   232.71898 ]
2025-03-03 08:48:05.976 | UNIT_DEBUG | skyreels_a1.pre_process_lmk3d:face_crop:49 - Test Face Crop: bbox: [542.8539    60.836563 665.9411   236.52835 ]
2025-03-03 08:48:06.013 | UNIT_DEBUG | skyreels_a1.pre_process_lmk3d:face_crop:49 - Test Face Crop: bbox: [536.91907   62.839195 663.61     242.33316 ]
2025-03-03 08:48:06.050 | UNIT_DEBUG | skyreels_a1.pre_process_lmk3d:face_crop:49 - Test Face Crop: bbox: [528.75574  64.1121  655.81525 245.16785]
2025-03-03 08:48:06.087 | UNIT_DEBUG | skyreels_a1.pre_process_lmk3d:face_crop:49 - Test Face Crop: bbox: [523.019    66.971   650.01324 245.26544]
2025-03-03 08:48:06.125 | UNIT_DEBUG | skyreels_a1.pre_process_lmk3d:face_crop:49 - Test Face Crop: bbox: [519.4272   67.5136  647.5375  245.33557]
2025-03-03 08:48:06.162 | UNIT_DEBUG | skyreels_a1.pre_process_lmk3d:face_crop:49 - Test Face Crop: bbox: [518.6282   67.6407  646.24646 245.5766 ]
2025-03-03 08:48:06.199 | UNIT_DEBUG | skyreels_a1.pre_process_lmk3d:face_crop:49 - Test Face Crop: bbox: [518.74677   67.052895 646.4416   244.9856  ]
2025-03-03 08:48:06.236 | UNIT_DEBUG | skyreels_a1.pre_process_lmk3d:face_crop:49 - Test Face Crop: bbox: [520.2204   66.22029 647.51526 242.9888 ]
2025-03-03 08:48:06.273 | UNIT_DEBUG | skyreels_a1.pre_process_lmk3d:face_crop:49 - Test Face Crop: bbox: [522.7244    64.949715 649.53     246.29689 ]
2025-03-03 08:48:06.310 | UNIT_DEBUG | skyreels_a1.pre_process_lmk3d:face_crop:49 - Test Face Crop: bbox: [527.0755   63.75714 653.00903 246.49689]
2025-03-03 08:48:06.347 | UNIT_DEBUG | skyreels_a1.pre_process_lmk3d:face_crop:49 - Test Face Crop: bbox: [532.24963   66.927284 658.02234  248.53558 ]
2025-03-03 08:48:06.384 | UNIT_DEBUG | skyreels_a1.pre_process_lmk3d:face_crop:49 - Test Face Crop: bbox: [541.3437   69.00969 664.60925 248.00967]
2025-03-03 08:48:06.421 | UNIT_DEBUG | skyreels_a1.pre_process_lmk3d:face_crop:49 - Test Face Crop: bbox: [549.60254  73.6455  672.3874  246.17783]
2025-03-03 08:48:06.516 | UNIT_DEBUG | skyreels_a1.pre_process_lmk3d:face_crop:49 - Test Face Crop: bbox: [339.44247  67.0717  493.0356  264.7709 ]
2025-03-03 08:48:34.959 | UNIT_DEBUG | __main__:customize_loguru_logger:39 - This is a unit test debug message.
2025-03-03 08:48:38.727 | UNIT_DEBUG | skyreels_a1.pre_process_lmk3d:face_crop:49 - Test Face Crop: bbox: [566.2965    74.125694 691.44055  249.81537 ]
2025-03-03 08:48:38.765 | UNIT_DEBUG | skyreels_a1.pre_process_lmk3d:face_crop:49 - Test Face Crop: bbox: [566.2965    74.125694 691.44055  249.81537 ]
2025-03-03 08:48:38.843 | UNIT_DEBUG | skyreels_a1.pre_process_lmk3d:face_crop:49 - Test Face Crop: bbox: [555.29376  73.48716 680.4181  248.24088]
2025-03-03 08:48:38.881 | UNIT_DEBUG | skyreels_a1.pre_process_lmk3d:face_crop:49 - Test Face Crop: bbox: [542.99457  72.94956 667.9305  248.58977]
2025-03-03 08:48:38.919 | UNIT_DEBUG | skyreels_a1.pre_process_lmk3d:face_crop:49 - Test Face Crop: bbox: [532.86084  72.76496 660.6102  252.50842]
2025-03-03 08:48:38.956 | UNIT_DEBUG | skyreels_a1.pre_process_lmk3d:face_crop:49 - Test Face Crop: bbox: [525.19006   73.392975 652.80566  249.03168 ]
2025-03-03 08:48:38.994 | UNIT_DEBUG | skyreels_a1.pre_process_lmk3d:face_crop:49 - Test Face Crop: bbox: [519.5087   71.20155 647.28406 249.11081]
2025-03-03 08:48:39.031 | UNIT_DEBUG | skyreels_a1.pre_process_lmk3d:face_crop:49 - Test Face Crop: bbox: [516.65814  71.54505 644.0715  247.93517]
2025-03-03 08:48:39.068 | UNIT_DEBUG | skyreels_a1.pre_process_lmk3d:face_crop:49 - Test Face Crop: bbox: [514.0631   70.83359 640.79126 245.4549 ]
2025-03-03 08:48:39.106 | UNIT_DEBUG | skyreels_a1.pre_process_lmk3d:face_crop:49 - Test Face Crop: bbox: [513.08887  71.61162 638.98    243.97028]
2025-03-03 08:48:39.143 | UNIT_DEBUG | skyreels_a1.pre_process_lmk3d:face_crop:49 - Test Face Crop: bbox: [513.38837  70.72395 639.6438  246.92473]
2025-03-03 08:48:39.181 | UNIT_DEBUG | skyreels_a1.pre_process_lmk3d:face_crop:49 - Test Face Crop: bbox: [514.4654   70.32089 640.4766  247.01395]
2025-03-03 08:48:39.218 | UNIT_DEBUG | skyreels_a1.pre_process_lmk3d:face_crop:49 - Test Face Crop: bbox: [517.79144  70.04769 644.1558  251.25272]
2025-03-03 08:48:39.255 | UNIT_DEBUG | skyreels_a1.pre_process_lmk3d:face_crop:49 - Test Face Crop: bbox: [527.3059   69.66473 652.29504 250.50336]
2025-03-03 08:48:39.293 | UNIT_DEBUG | skyreels_a1.pre_process_lmk3d:face_crop:49 - Test Face Crop: bbox: [535.26056  70.04374 659.89606 249.61829]
2025-03-03 08:48:39.330 | UNIT_DEBUG | skyreels_a1.pre_process_lmk3d:face_crop:49 - Test Face Crop: bbox: [546.12866   71.670044 668.1666   247.96277 ]
2025-03-03 08:48:39.367 | UNIT_DEBUG | skyreels_a1.pre_process_lmk3d:face_crop:49 - Test Face Crop: bbox: [555.3511   74.14814 677.73627 248.91313]
2025-03-03 08:48:39.405 | UNIT_DEBUG | skyreels_a1.pre_process_lmk3d:face_crop:49 - Test Face Crop: bbox: [560.6923   72.7094  685.05914 247.39932]
2025-03-03 08:48:39.442 | UNIT_DEBUG | skyreels_a1.pre_process_lmk3d:face_crop:49 - Test Face Crop: bbox: [565.38477  72.00833 689.6333  245.31593]
2025-03-03 08:48:39.479 | UNIT_DEBUG | skyreels_a1.pre_process_lmk3d:face_crop:49 - Test Face Crop: bbox: [569.37634  73.26118 692.7027  245.3804 ]
2025-03-03 08:48:39.517 | UNIT_DEBUG | skyreels_a1.pre_process_lmk3d:face_crop:49 - Test Face Crop: bbox: [573.07104  72.92671 696.5085  247.13104]
2025-03-03 08:48:39.554 | UNIT_DEBUG | skyreels_a1.pre_process_lmk3d:face_crop:49 - Test Face Crop: bbox: [577.2107   73.35269 701.06104 250.95102]
2025-03-03 08:48:39.591 | UNIT_DEBUG | skyreels_a1.pre_process_lmk3d:face_crop:49 - Test Face Crop: bbox: [580.3701    72.475204 705.3231   251.79282 ]
2025-03-03 08:48:39.629 | UNIT_DEBUG | skyreels_a1.pre_process_lmk3d:face_crop:49 - Test Face Crop: bbox: [582.6124   72.92212 708.12134 254.33643]
2025-03-03 08:48:39.666 | UNIT_DEBUG | skyreels_a1.pre_process_lmk3d:face_crop:49 - Test Face Crop: bbox: [584.1551   73.59211 710.6918  258.2328 ]
2025-03-03 08:48:39.704 | UNIT_DEBUG | skyreels_a1.pre_process_lmk3d:face_crop:49 - Test Face Crop: bbox: [584.6817    71.947365 712.34766  254.15778 ]
2025-03-03 08:48:39.741 | UNIT_DEBUG | skyreels_a1.pre_process_lmk3d:face_crop:49 - Test Face Crop: bbox: [584.6667   71.97728 711.31195 254.02515]
2025-03-03 08:48:39.778 | UNIT_DEBUG | skyreels_a1.pre_process_lmk3d:face_crop:49 - Test Face Crop: bbox: [583.5497   70.26647 710.42786 248.70715]
2025-03-03 08:48:39.816 | UNIT_DEBUG | skyreels_a1.pre_process_lmk3d:face_crop:49 - Test Face Crop: bbox: [581.5189   67.71452 705.7383  242.22784]
2025-03-03 08:48:39.853 | UNIT_DEBUG | skyreels_a1.pre_process_lmk3d:face_crop:49 - Test Face Crop: bbox: [578.64526  64.02758 702.3263  240.1548 ]
2025-03-03 08:48:39.890 | UNIT_DEBUG | skyreels_a1.pre_process_lmk3d:face_crop:49 - Test Face Crop: bbox: [576.6728    63.907974 698.8146   243.76933 ]
2025-03-03 08:48:39.928 | UNIT_DEBUG | skyreels_a1.pre_process_lmk3d:face_crop:49 - Test Face Crop: bbox: [570.20215  61.86093 693.3321  242.75461]
2025-03-03 08:48:39.965 | UNIT_DEBUG | skyreels_a1.pre_process_lmk3d:face_crop:49 - Test Face Crop: bbox: [560.90576   57.511612 683.9454   232.73566 ]
2025-03-03 08:48:40.002 | UNIT_DEBUG | skyreels_a1.pre_process_lmk3d:face_crop:49 - Test Face Crop: bbox: [552.67737   60.150116 676.3321   230.79623 ]
2025-03-03 08:48:40.039 | UNIT_DEBUG | skyreels_a1.pre_process_lmk3d:face_crop:49 - Test Face Crop: bbox: [547.3675    59.493576 670.8007   232.71898 ]
2025-03-03 08:48:40.077 | UNIT_DEBUG | skyreels_a1.pre_process_lmk3d:face_crop:49 - Test Face Crop: bbox: [542.8539    60.836563 665.9411   236.52835 ]
2025-03-03 08:48:40.114 | UNIT_DEBUG | skyreels_a1.pre_process_lmk3d:face_crop:49 - Test Face Crop: bbox: [536.91907   62.839195 663.61     242.33316 ]
2025-03-03 08:48:40.151 | UNIT_DEBUG | skyreels_a1.pre_process_lmk3d:face_crop:49 - Test Face Crop: bbox: [528.75574  64.1121  655.81525 245.16785]
2025-03-03 08:48:40.188 | UNIT_DEBUG | skyreels_a1.pre_process_lmk3d:face_crop:49 - Test Face Crop: bbox: [523.019    66.971   650.01324 245.26544]
2025-03-03 08:48:40.226 | UNIT_DEBUG | skyreels_a1.pre_process_lmk3d:face_crop:49 - Test Face Crop: bbox: [519.4272   67.5136  647.5375  245.33557]
2025-03-03 08:48:40.263 | UNIT_DEBUG | skyreels_a1.pre_process_lmk3d:face_crop:49 - Test Face Crop: bbox: [518.6282   67.6407  646.24646 245.5766 ]
2025-03-03 08:48:40.301 | UNIT_DEBUG | skyreels_a1.pre_process_lmk3d:face_crop:49 - Test Face Crop: bbox: [518.74677   67.052895 646.4416   244.9856  ]
2025-03-03 08:48:40.338 | UNIT_DEBUG | skyreels_a1.pre_process_lmk3d:face_crop:49 - Test Face Crop: bbox: [520.2204   66.22029 647.51526 242.9888 ]
2025-03-03 08:48:40.375 | UNIT_DEBUG | skyreels_a1.pre_process_lmk3d:face_crop:49 - Test Face Crop: bbox: [522.7244    64.949715 649.53     246.29689 ]
2025-03-03 08:48:40.413 | UNIT_DEBUG | skyreels_a1.pre_process_lmk3d:face_crop:49 - Test Face Crop: bbox: [527.0755   63.75714 653.00903 246.49689]
2025-03-03 08:48:40.450 | UNIT_DEBUG | skyreels_a1.pre_process_lmk3d:face_crop:49 - Test Face Crop: bbox: [532.24963   66.927284 658.02234  248.53558 ]
2025-03-03 08:48:40.487 | UNIT_DEBUG | skyreels_a1.pre_process_lmk3d:face_crop:49 - Test Face Crop: bbox: [541.3437   69.00969 664.60925 248.00967]
2025-03-03 08:48:40.525 | UNIT_DEBUG | skyreels_a1.pre_process_lmk3d:face_crop:49 - Test Face Crop: bbox: [549.60254  73.6455  672.3874  246.17783]
2025-03-03 08:48:40.620 | UNIT_DEBUG | skyreels_a1.pre_process_lmk3d:face_crop:49 - Test Face Crop: bbox: [339.44247  67.0717  493.0356  264.7709 ]
2025-03-03 08:55:02.384 | UNIT_DEBUG | __main__:customize_loguru_logger:39 - This is a unit test debug message.
2025-03-03 08:55:06.751 | UNIT_DEBUG | skyreels_a1.pre_process_lmk3d:face_crop:49 - Test Face Crop: bbox: [566.2965    74.125694 691.44055  249.81537 ]
2025-03-03 08:55:06.792 | UNIT_DEBUG | skyreels_a1.pre_process_lmk3d:face_crop:49 - Test Face Crop: bbox: [566.2965    74.125694 691.44055  249.81537 ]
2025-03-03 08:55:06.830 | UNIT_DEBUG | skyreels_a1.pre_process_lmk3d:face_crop:49 - Test Face Crop: bbox: [555.29376  73.48716 680.4181  248.24088]
2025-03-03 08:55:06.868 | UNIT_DEBUG | skyreels_a1.pre_process_lmk3d:face_crop:49 - Test Face Crop: bbox: [542.99457  72.94956 667.9305  248.58977]
2025-03-03 08:55:06.906 | UNIT_DEBUG | skyreels_a1.pre_process_lmk3d:face_crop:49 - Test Face Crop: bbox: [532.86084  72.76496 660.6102  252.50842]
2025-03-03 08:55:06.945 | UNIT_DEBUG | skyreels_a1.pre_process_lmk3d:face_crop:49 - Test Face Crop: bbox: [525.19006   73.392975 652.80566  249.03168 ]
2025-03-03 08:55:06.984 | UNIT_DEBUG | skyreels_a1.pre_process_lmk3d:face_crop:49 - Test Face Crop: bbox: [519.5087   71.20155 647.28406 249.11081]
2025-03-03 08:55:07.022 | UNIT_DEBUG | skyreels_a1.pre_process_lmk3d:face_crop:49 - Test Face Crop: bbox: [516.65814  71.54505 644.0715  247.93517]
2025-03-03 08:55:07.069 | UNIT_DEBUG | skyreels_a1.pre_process_lmk3d:face_crop:49 - Test Face Crop: bbox: [514.0631   70.83359 640.79126 245.4549 ]
2025-03-03 08:55:07.108 | UNIT_DEBUG | skyreels_a1.pre_process_lmk3d:face_crop:49 - Test Face Crop: bbox: [513.08887  71.61162 638.98    243.97028]
2025-03-03 08:55:07.146 | UNIT_DEBUG | skyreels_a1.pre_process_lmk3d:face_crop:49 - Test Face Crop: bbox: [513.38837  70.72395 639.6438  246.92473]
2025-03-03 08:55:07.184 | UNIT_DEBUG | skyreels_a1.pre_process_lmk3d:face_crop:49 - Test Face Crop: bbox: [514.4654   70.32089 640.4766  247.01395]
2025-03-03 08:55:07.223 | UNIT_DEBUG | skyreels_a1.pre_process_lmk3d:face_crop:49 - Test Face Crop: bbox: [517.79144  70.04769 644.1558  251.25272]
2025-03-03 08:55:07.261 | UNIT_DEBUG | skyreels_a1.pre_process_lmk3d:face_crop:49 - Test Face Crop: bbox: [527.3059   69.66473 652.29504 250.50336]
2025-03-03 08:55:07.300 | UNIT_DEBUG | skyreels_a1.pre_process_lmk3d:face_crop:49 - Test Face Crop: bbox: [535.26056  70.04374 659.89606 249.61829]
2025-03-03 08:55:07.338 | UNIT_DEBUG | skyreels_a1.pre_process_lmk3d:face_crop:49 - Test Face Crop: bbox: [546.12866   71.670044 668.1666   247.96277 ]
2025-03-03 08:55:07.376 | UNIT_DEBUG | skyreels_a1.pre_process_lmk3d:face_crop:49 - Test Face Crop: bbox: [555.3511   74.14814 677.73627 248.91313]
2025-03-03 08:55:07.414 | UNIT_DEBUG | skyreels_a1.pre_process_lmk3d:face_crop:49 - Test Face Crop: bbox: [560.6923   72.7094  685.05914 247.39932]
2025-03-03 08:55:07.453 | UNIT_DEBUG | skyreels_a1.pre_process_lmk3d:face_crop:49 - Test Face Crop: bbox: [565.38477  72.00833 689.6333  245.31593]
2025-03-03 08:55:07.492 | UNIT_DEBUG | skyreels_a1.pre_process_lmk3d:face_crop:49 - Test Face Crop: bbox: [569.37634  73.26118 692.7027  245.3804 ]
2025-03-03 08:55:07.530 | UNIT_DEBUG | skyreels_a1.pre_process_lmk3d:face_crop:49 - Test Face Crop: bbox: [573.07104  72.92671 696.5085  247.13104]
2025-03-03 08:55:07.568 | UNIT_DEBUG | skyreels_a1.pre_process_lmk3d:face_crop:49 - Test Face Crop: bbox: [577.2107   73.35269 701.06104 250.95102]
2025-03-03 08:55:07.607 | UNIT_DEBUG | skyreels_a1.pre_process_lmk3d:face_crop:49 - Test Face Crop: bbox: [580.3701    72.475204 705.3231   251.79282 ]
2025-03-03 08:55:07.645 | UNIT_DEBUG | skyreels_a1.pre_process_lmk3d:face_crop:49 - Test Face Crop: bbox: [582.6124   72.92212 708.12134 254.33643]
2025-03-03 08:55:07.683 | UNIT_DEBUG | skyreels_a1.pre_process_lmk3d:face_crop:49 - Test Face Crop: bbox: [584.1551   73.59211 710.6918  258.2328 ]
2025-03-03 08:55:07.722 | UNIT_DEBUG | skyreels_a1.pre_process_lmk3d:face_crop:49 - Test Face Crop: bbox: [584.6817    71.947365 712.34766  254.15778 ]
2025-03-03 08:55:07.760 | UNIT_DEBUG | skyreels_a1.pre_process_lmk3d:face_crop:49 - Test Face Crop: bbox: [584.6667   71.97728 711.31195 254.02515]
2025-03-03 08:55:07.799 | UNIT_DEBUG | skyreels_a1.pre_process_lmk3d:face_crop:49 - Test Face Crop: bbox: [583.5497   70.26647 710.42786 248.70715]
2025-03-03 08:55:07.837 | UNIT_DEBUG | skyreels_a1.pre_process_lmk3d:face_crop:49 - Test Face Crop: bbox: [581.5189   67.71452 705.7383  242.22784]
2025-03-03 08:55:07.875 | UNIT_DEBUG | skyreels_a1.pre_process_lmk3d:face_crop:49 - Test Face Crop: bbox: [578.64526  64.02758 702.3263  240.1548 ]
2025-03-03 08:55:07.913 | UNIT_DEBUG | skyreels_a1.pre_process_lmk3d:face_crop:49 - Test Face Crop: bbox: [576.6728    63.907974 698.8146   243.76933 ]
2025-03-03 08:55:07.952 | UNIT_DEBUG | skyreels_a1.pre_process_lmk3d:face_crop:49 - Test Face Crop: bbox: [570.20215  61.86093 693.3321  242.75461]
2025-03-03 08:55:07.990 | UNIT_DEBUG | skyreels_a1.pre_process_lmk3d:face_crop:49 - Test Face Crop: bbox: [560.90576   57.511612 683.9454   232.73566 ]
2025-03-03 08:55:08.029 | UNIT_DEBUG | skyreels_a1.pre_process_lmk3d:face_crop:49 - Test Face Crop: bbox: [552.67737   60.150116 676.3321   230.79623 ]
2025-03-03 08:55:08.067 | UNIT_DEBUG | skyreels_a1.pre_process_lmk3d:face_crop:49 - Test Face Crop: bbox: [547.3675    59.493576 670.8007   232.71898 ]
2025-03-03 08:55:08.105 | UNIT_DEBUG | skyreels_a1.pre_process_lmk3d:face_crop:49 - Test Face Crop: bbox: [542.8539    60.836563 665.9411   236.52835 ]
2025-03-03 08:55:08.143 | UNIT_DEBUG | skyreels_a1.pre_process_lmk3d:face_crop:49 - Test Face Crop: bbox: [536.91907   62.839195 663.61     242.33316 ]
2025-03-03 08:55:08.181 | UNIT_DEBUG | skyreels_a1.pre_process_lmk3d:face_crop:49 - Test Face Crop: bbox: [528.75574  64.1121  655.81525 245.16785]
2025-03-03 08:55:08.220 | UNIT_DEBUG | skyreels_a1.pre_process_lmk3d:face_crop:49 - Test Face Crop: bbox: [523.019    66.971   650.01324 245.26544]
2025-03-03 08:55:08.259 | UNIT_DEBUG | skyreels_a1.pre_process_lmk3d:face_crop:49 - Test Face Crop: bbox: [519.4272   67.5136  647.5375  245.33557]
2025-03-03 08:55:08.297 | UNIT_DEBUG | skyreels_a1.pre_process_lmk3d:face_crop:49 - Test Face Crop: bbox: [518.6282   67.6407  646.24646 245.5766 ]
2025-03-03 08:55:08.335 | UNIT_DEBUG | skyreels_a1.pre_process_lmk3d:face_crop:49 - Test Face Crop: bbox: [518.74677   67.052895 646.4416   244.9856  ]
2025-03-03 08:55:08.373 | UNIT_DEBUG | skyreels_a1.pre_process_lmk3d:face_crop:49 - Test Face Crop: bbox: [520.2204   66.22029 647.51526 242.9888 ]
2025-03-03 08:55:08.412 | UNIT_DEBUG | skyreels_a1.pre_process_lmk3d:face_crop:49 - Test Face Crop: bbox: [522.7244    64.949715 649.53     246.29689 ]
2025-03-03 08:55:08.450 | UNIT_DEBUG | skyreels_a1.pre_process_lmk3d:face_crop:49 - Test Face Crop: bbox: [527.0755   63.75714 653.00903 246.49689]
2025-03-03 08:55:08.489 | UNIT_DEBUG | skyreels_a1.pre_process_lmk3d:face_crop:49 - Test Face Crop: bbox: [532.24963   66.927284 658.02234  248.53558 ]
2025-03-03 08:55:08.527 | UNIT_DEBUG | skyreels_a1.pre_process_lmk3d:face_crop:49 - Test Face Crop: bbox: [541.3437   69.00969 664.60925 248.00967]
2025-03-03 08:55:08.565 | UNIT_DEBUG | skyreels_a1.pre_process_lmk3d:face_crop:49 - Test Face Crop: bbox: [549.60254  73.6455  672.3874  246.17783]
2025-03-03 08:55:08.657 | UNIT_DEBUG | skyreels_a1.pre_process_lmk3d:face_crop:49 - Test Face Crop: bbox: [339.44247  67.0717  493.0356  264.7709 ]
